Archive member included to satisfy reference by file (symbol)

c:/program files (x86)/atmel/studio/7.0/toolchain/avr8/avr8-gnu-toolchain/bin/../lib/gcc/avr/5.4.0/avr5\libgcc.a(_exit.o)
                              C:/Program Files (x86)/Atmel/Studio/7.0/Packs/atmel/ATmega_DFP/1.6.364/gcc/dev/atmega32/avr5/crtatmega32.o (exit)
c:/program files (x86)/atmel/studio/7.0/toolchain/avr8/avr8-gnu-toolchain/bin/../lib/gcc/avr/5.4.0/avr5\libgcc.a(_tablejump2.o)
                              inc/timers.o (__tablejump2__)
c:/program files (x86)/atmel/studio/7.0/toolchain/avr8/avr8-gnu-toolchain/bin/../lib/gcc/avr/5.4.0/avr5\libgcc.a(_copy_data.o)
                              FreeRTOS/Source/tasks.o (__do_copy_data)
c:/program files (x86)/atmel/studio/7.0/toolchain/avr8/avr8-gnu-toolchain/bin/../lib/gcc/avr/5.4.0/avr5\libgcc.a(_clear_bss.o)
                              FreeRTOS/Source/croutine.o (__do_clear_bss)
c:/program files (x86)/atmel/studio/7.0/toolchain/avr8/avr8-gnu-toolchain/bin/../lib/gcc/avr/5.4.0/../../../../avr/lib/avr5\libc.a(memcpy.o)
                              FreeRTOS/Source/queue.o (memcpy)
c:/program files (x86)/atmel/studio/7.0/toolchain/avr8/avr8-gnu-toolchain/bin/../lib/gcc/avr/5.4.0/../../../../avr/lib/avr5\libc.a(sprintf.o)
                              main.o (sprintf)
c:/program files (x86)/atmel/studio/7.0/toolchain/avr8/avr8-gnu-toolchain/bin/../lib/gcc/avr/5.4.0/../../../../avr/lib/avr5\libc.a(vfprintf_std.o)
                              c:/program files (x86)/atmel/studio/7.0/toolchain/avr8/avr8-gnu-toolchain/bin/../lib/gcc/avr/5.4.0/../../../../avr/lib/avr5\libc.a(sprintf.o) (vfprintf)
c:/program files (x86)/atmel/studio/7.0/toolchain/avr8/avr8-gnu-toolchain/bin/../lib/gcc/avr/5.4.0/../../../../avr/lib/avr5\libc.a(strnlen_P.o)
                              c:/program files (x86)/atmel/studio/7.0/toolchain/avr8/avr8-gnu-toolchain/bin/../lib/gcc/avr/5.4.0/../../../../avr/lib/avr5\libc.a(vfprintf_std.o) (strnlen_P)
c:/program files (x86)/atmel/studio/7.0/toolchain/avr8/avr8-gnu-toolchain/bin/../lib/gcc/avr/5.4.0/../../../../avr/lib/avr5\libc.a(strnlen.o)
                              c:/program files (x86)/atmel/studio/7.0/toolchain/avr8/avr8-gnu-toolchain/bin/../lib/gcc/avr/5.4.0/../../../../avr/lib/avr5\libc.a(vfprintf_std.o) (strnlen)
c:/program files (x86)/atmel/studio/7.0/toolchain/avr8/avr8-gnu-toolchain/bin/../lib/gcc/avr/5.4.0/../../../../avr/lib/avr5\libc.a(fputc.o)
                              c:/program files (x86)/atmel/studio/7.0/toolchain/avr8/avr8-gnu-toolchain/bin/../lib/gcc/avr/5.4.0/../../../../avr/lib/avr5\libc.a(vfprintf_std.o) (fputc)
c:/program files (x86)/atmel/studio/7.0/toolchain/avr8/avr8-gnu-toolchain/bin/../lib/gcc/avr/5.4.0/../../../../avr/lib/avr5\libc.a(ultoa_invert.o)
                              c:/program files (x86)/atmel/studio/7.0/toolchain/avr8/avr8-gnu-toolchain/bin/../lib/gcc/avr/5.4.0/../../../../avr/lib/avr5\libc.a(vfprintf_std.o) (__ultoa_invert)
c:/program files (x86)/atmel/studio/7.0/toolchain/avr8/avr8-gnu-toolchain/bin/../lib/gcc/avr/5.4.0/avr5\libgcc.a(_prologue.o)
                              c:/program files (x86)/atmel/studio/7.0/toolchain/avr8/avr8-gnu-toolchain/bin/../lib/gcc/avr/5.4.0/../../../../avr/lib/avr5\libc.a(sprintf.o) (__prologue_saves__)
c:/program files (x86)/atmel/studio/7.0/toolchain/avr8/avr8-gnu-toolchain/bin/../lib/gcc/avr/5.4.0/avr5\libgcc.a(_epilogue.o)
                              c:/program files (x86)/atmel/studio/7.0/toolchain/avr8/avr8-gnu-toolchain/bin/../lib/gcc/avr/5.4.0/../../../../avr/lib/avr5\libc.a(sprintf.o) (__epilogue_restores__)

Allocating common symbols
Common symbol       size              file

xAutoReloadTimer    0x2               main.o
xOneShotTimer       0x2               main.o

Discarded input sections

 .data          0x00000000        0x0 C:/Program Files (x86)/Atmel/Studio/7.0/Packs/atmel/ATmega_DFP/1.6.364/gcc/dev/atmega32/avr5/crtatmega32.o
 .bss           0x00000000        0x0 C:/Program Files (x86)/Atmel/Studio/7.0/Packs/atmel/ATmega_DFP/1.6.364/gcc/dev/atmega32/avr5/crtatmega32.o
 .group         0x00000000        0x8 FreeRTOS/Source/croutine.o
 .group         0x00000000        0x8 FreeRTOS/Source/croutine.o
 .group         0x00000000        0x8 FreeRTOS/Source/croutine.o
 .group         0x00000000        0x8 FreeRTOS/Source/croutine.o
 .group         0x00000000        0x8 FreeRTOS/Source/croutine.o
 .group         0x00000000        0x8 FreeRTOS/Source/croutine.o
 .group         0x00000000        0x8 FreeRTOS/Source/croutine.o
 .group         0x00000000        0x8 FreeRTOS/Source/croutine.o
 .group         0x00000000        0x8 FreeRTOS/Source/croutine.o
 .group         0x00000000        0x8 FreeRTOS/Source/croutine.o
 .group         0x00000000        0x8 FreeRTOS/Source/croutine.o
 .group         0x00000000        0x8 FreeRTOS/Source/croutine.o
 .group         0x00000000        0x8 FreeRTOS/Source/croutine.o
 .group         0x00000000        0x8 FreeRTOS/Source/croutine.o
 .group         0x00000000        0x8 FreeRTOS/Source/croutine.o
 .group         0x00000000        0x8 FreeRTOS/Source/croutine.o
 .group         0x00000000        0x8 FreeRTOS/Source/croutine.o
 .group         0x00000000        0x8 FreeRTOS/Source/croutine.o
 .group         0x00000000        0x8 FreeRTOS/Source/croutine.o
 .group         0x00000000        0x8 FreeRTOS/Source/croutine.o
 .group         0x00000000        0x8 FreeRTOS/Source/croutine.o
 .text          0x00000000        0x0 FreeRTOS/Source/croutine.o
 .data          0x00000000        0x0 FreeRTOS/Source/croutine.o
 .bss           0x00000000        0x0 FreeRTOS/Source/croutine.o
 .text.xCoRoutineCreate
                0x00000000       0xf0 FreeRTOS/Source/croutine.o
 .text.vCoRoutineAddToDelayedList
                0x00000000       0x86 FreeRTOS/Source/croutine.o
 .text.vCoRoutineSchedule
                0x00000000      0x282 FreeRTOS/Source/croutine.o
 .text.xCoRoutineRemoveFromEventList
                0x00000000       0x4a FreeRTOS/Source/croutine.o
 .bss.xPassedTicks
                0x00000000        0x2 FreeRTOS/Source/croutine.o
 .bss.xLastTickCount
                0x00000000        0x2 FreeRTOS/Source/croutine.o
 .bss.xCoRoutineTickCount
                0x00000000        0x2 FreeRTOS/Source/croutine.o
 .bss.uxTopCoRoutineReadyPriority
                0x00000000        0x1 FreeRTOS/Source/croutine.o
 .bss.pxCurrentCoRoutine
                0x00000000        0x2 FreeRTOS/Source/croutine.o
 .bss.xPendingReadyCoRoutineList
                0x00000000        0x9 FreeRTOS/Source/croutine.o
 .bss.pxOverflowDelayedCoRoutineList
                0x00000000        0x2 FreeRTOS/Source/croutine.o
 .bss.pxDelayedCoRoutineList
                0x00000000        0x2 FreeRTOS/Source/croutine.o
 .bss.xDelayedCoRoutineList2
                0x00000000        0x9 FreeRTOS/Source/croutine.o
 .bss.xDelayedCoRoutineList1
                0x00000000        0x9 FreeRTOS/Source/croutine.o
 .bss.pxReadyCoRoutineLists
                0x00000000       0x12 FreeRTOS/Source/croutine.o
 .debug_info    0x00000000      0x789 FreeRTOS/Source/croutine.o
 .debug_abbrev  0x00000000      0x235 FreeRTOS/Source/croutine.o
 .debug_loc     0x00000000      0x3eb FreeRTOS/Source/croutine.o
 .debug_aranges
                0x00000000       0x38 FreeRTOS/Source/croutine.o
 .debug_ranges  0x00000000       0x28 FreeRTOS/Source/croutine.o
 .debug_macro   0x00000000      0x109 FreeRTOS/Source/croutine.o
 .debug_macro   0x00000000      0xa4e FreeRTOS/Source/croutine.o
 .debug_macro   0x00000000      0x16d FreeRTOS/Source/croutine.o
 .debug_macro   0x00000000      0x1c9 FreeRTOS/Source/croutine.o
 .debug_macro   0x00000000       0x10 FreeRTOS/Source/croutine.o
 .debug_macro   0x00000000      0x302 FreeRTOS/Source/croutine.o
 .debug_macro   0x00000000       0x9e FreeRTOS/Source/croutine.o
 .debug_macro   0x00000000      0xc24 FreeRTOS/Source/croutine.o
 .debug_macro   0x00000000      0x170 FreeRTOS/Source/croutine.o
 .debug_macro   0x00000000       0xbd FreeRTOS/Source/croutine.o
 .debug_macro   0x00000000       0x34 FreeRTOS/Source/croutine.o
 .debug_macro   0x00000000       0x18 FreeRTOS/Source/croutine.o
 .debug_macro   0x00000000       0x6c FreeRTOS/Source/croutine.o
 .debug_macro   0x00000000       0xa0 FreeRTOS/Source/croutine.o
 .debug_macro   0x00000000      0x15a FreeRTOS/Source/croutine.o
 .debug_macro   0x00000000       0x7c FreeRTOS/Source/croutine.o
 .debug_macro   0x00000000       0x1c FreeRTOS/Source/croutine.o
 .debug_macro   0x00000000       0x26 FreeRTOS/Source/croutine.o
 .debug_macro   0x00000000      0x582 FreeRTOS/Source/croutine.o
 .debug_macro   0x00000000       0xb5 FreeRTOS/Source/croutine.o
 .debug_macro   0x00000000      0x120 FreeRTOS/Source/croutine.o
 .debug_macro   0x00000000       0x49 FreeRTOS/Source/croutine.o
 .debug_line    0x00000000      0x55c FreeRTOS/Source/croutine.o
 .debug_str     0x00000000     0xb09b FreeRTOS/Source/croutine.o
 .comment       0x00000000       0x31 FreeRTOS/Source/croutine.o
 .debug_frame   0x00000000       0xc0 FreeRTOS/Source/croutine.o
 .group         0x00000000        0x8 FreeRTOS/Source/event_groups.o
 .group         0x00000000        0x8 FreeRTOS/Source/event_groups.o
 .group         0x00000000        0x8 FreeRTOS/Source/event_groups.o
 .group         0x00000000        0x8 FreeRTOS/Source/event_groups.o
 .group         0x00000000        0x8 FreeRTOS/Source/event_groups.o
 .group         0x00000000        0x8 FreeRTOS/Source/event_groups.o
 .group         0x00000000        0x8 FreeRTOS/Source/event_groups.o
 .group         0x00000000        0x8 FreeRTOS/Source/event_groups.o
 .group         0x00000000        0x8 FreeRTOS/Source/event_groups.o
 .group         0x00000000        0x8 FreeRTOS/Source/event_groups.o
 .group         0x00000000        0x8 FreeRTOS/Source/event_groups.o
 .group         0x00000000        0x8 FreeRTOS/Source/event_groups.o
 .group         0x00000000        0x8 FreeRTOS/Source/event_groups.o
 .group         0x00000000        0x8 FreeRTOS/Source/event_groups.o
 .group         0x00000000        0x8 FreeRTOS/Source/event_groups.o
 .group         0x00000000        0x8 FreeRTOS/Source/event_groups.o
 .group         0x00000000        0x8 FreeRTOS/Source/event_groups.o
 .group         0x00000000        0x8 FreeRTOS/Source/event_groups.o
 .group         0x00000000        0x8 FreeRTOS/Source/event_groups.o
 .group         0x00000000        0x8 FreeRTOS/Source/event_groups.o
 .group         0x00000000        0x8 FreeRTOS/Source/event_groups.o
 .group         0x00000000        0x8 FreeRTOS/Source/event_groups.o
 .group         0x00000000        0x8 FreeRTOS/Source/event_groups.o
 .group         0x00000000        0x8 FreeRTOS/Source/event_groups.o
 .group         0x00000000        0x8 FreeRTOS/Source/event_groups.o
 .text          0x00000000        0x0 FreeRTOS/Source/event_groups.o
 .data          0x00000000        0x0 FreeRTOS/Source/event_groups.o
 .bss           0x00000000        0x0 FreeRTOS/Source/event_groups.o
 .text.xEventGroupCreate
                0x00000000       0x26 FreeRTOS/Source/event_groups.o
 .text.xEventGroupWaitBits
                0x00000000      0x110 FreeRTOS/Source/event_groups.o
 .text.xEventGroupClearBits
                0x00000000       0x1e FreeRTOS/Source/event_groups.o
 .text.xEventGroupGetBitsFromISR
                0x00000000        0x8 FreeRTOS/Source/event_groups.o
 .text.xEventGroupSetBits
                0x00000000       0xdc FreeRTOS/Source/event_groups.o
 .text.xEventGroupSync
                0x00000000       0xd2 FreeRTOS/Source/event_groups.o
 .text.vEventGroupDelete
                0x00000000       0x32 FreeRTOS/Source/event_groups.o
 .text.vEventGroupSetBitsCallback
                0x00000000        0x8 FreeRTOS/Source/event_groups.o
 .text.vEventGroupClearBitsCallback
                0x00000000        0x8 FreeRTOS/Source/event_groups.o
 .debug_info    0x00000000      0x90f FreeRTOS/Source/event_groups.o
 .debug_abbrev  0x00000000      0x20f FreeRTOS/Source/event_groups.o
 .debug_loc     0x00000000      0xb78 FreeRTOS/Source/event_groups.o
 .debug_aranges
                0x00000000       0x60 FreeRTOS/Source/event_groups.o
 .debug_ranges  0x00000000       0x68 FreeRTOS/Source/event_groups.o
 .debug_macro   0x00000000      0x155 FreeRTOS/Source/event_groups.o
 .debug_macro   0x00000000      0xa4e FreeRTOS/Source/event_groups.o
 .debug_macro   0x00000000       0x1c FreeRTOS/Source/event_groups.o
 .debug_macro   0x00000000      0x10e FreeRTOS/Source/event_groups.o
 .debug_macro   0x00000000       0x66 FreeRTOS/Source/event_groups.o
 .debug_macro   0x00000000       0x86 FreeRTOS/Source/event_groups.o
 .debug_macro   0x00000000      0x1c9 FreeRTOS/Source/event_groups.o
 .debug_macro   0x00000000       0x10 FreeRTOS/Source/event_groups.o
 .debug_macro   0x00000000      0x302 FreeRTOS/Source/event_groups.o
 .debug_macro   0x00000000       0x9e FreeRTOS/Source/event_groups.o
 .debug_macro   0x00000000      0xc24 FreeRTOS/Source/event_groups.o
 .debug_macro   0x00000000      0x170 FreeRTOS/Source/event_groups.o
 .debug_macro   0x00000000       0xbd FreeRTOS/Source/event_groups.o
 .debug_macro   0x00000000       0x34 FreeRTOS/Source/event_groups.o
 .debug_macro   0x00000000       0x18 FreeRTOS/Source/event_groups.o
 .debug_macro   0x00000000       0x6c FreeRTOS/Source/event_groups.o
 .debug_macro   0x00000000       0xa0 FreeRTOS/Source/event_groups.o
 .debug_macro   0x00000000      0x15a FreeRTOS/Source/event_groups.o
 .debug_macro   0x00000000       0x7c FreeRTOS/Source/event_groups.o
 .debug_macro   0x00000000       0x1c FreeRTOS/Source/event_groups.o
 .debug_macro   0x00000000       0x26 FreeRTOS/Source/event_groups.o
 .debug_macro   0x00000000      0x582 FreeRTOS/Source/event_groups.o
 .debug_macro   0x00000000       0xb5 FreeRTOS/Source/event_groups.o
 .debug_macro   0x00000000      0x120 FreeRTOS/Source/event_groups.o
 .debug_macro   0x00000000       0x91 FreeRTOS/Source/event_groups.o
 .debug_macro   0x00000000       0x19 FreeRTOS/Source/event_groups.o
 .debug_line    0x00000000      0x5f9 FreeRTOS/Source/event_groups.o
 .debug_str     0x00000000     0xb620 FreeRTOS/Source/event_groups.o
 .comment       0x00000000       0x31 FreeRTOS/Source/event_groups.o
 .debug_frame   0x00000000      0x158 FreeRTOS/Source/event_groups.o
 .group         0x00000000        0x8 FreeRTOS/Source/list.o
 .group         0x00000000        0x8 FreeRTOS/Source/list.o
 .group         0x00000000        0x8 FreeRTOS/Source/list.o
 .group         0x00000000        0x8 FreeRTOS/Source/list.o
 .group         0x00000000        0x8 FreeRTOS/Source/list.o
 .group         0x00000000        0x8 FreeRTOS/Source/list.o
 .group         0x00000000        0x8 FreeRTOS/Source/list.o
 .group         0x00000000        0x8 FreeRTOS/Source/list.o
 .group         0x00000000        0x8 FreeRTOS/Source/list.o
 .group         0x00000000        0x8 FreeRTOS/Source/list.o
 .group         0x00000000        0x8 FreeRTOS/Source/list.o
 .group         0x00000000        0x8 FreeRTOS/Source/list.o
 .group         0x00000000        0x8 FreeRTOS/Source/list.o
 .group         0x00000000        0x8 FreeRTOS/Source/list.o
 .group         0x00000000        0x8 FreeRTOS/Source/list.o
 .group         0x00000000        0x8 FreeRTOS/Source/list.o
 .group         0x00000000        0x8 FreeRTOS/Source/list.o
 .group         0x00000000        0x8 FreeRTOS/Source/list.o
 .group         0x00000000        0x8 FreeRTOS/Source/list.o
 .group         0x00000000        0x8 FreeRTOS/Source/list.o
 .group         0x00000000        0x8 FreeRTOS/Source/list.o
 .group         0x00000000        0x8 FreeRTOS/Source/list.o
 .text          0x00000000        0x0 FreeRTOS/Source/list.o
 .data          0x00000000        0x0 FreeRTOS/Source/list.o
 .bss           0x00000000        0x0 FreeRTOS/Source/list.o
 .debug_macro   0x00000000      0xa4e FreeRTOS/Source/list.o
 .debug_macro   0x00000000       0x1c FreeRTOS/Source/list.o
 .debug_macro   0x00000000      0x10e FreeRTOS/Source/list.o
 .debug_macro   0x00000000       0x66 FreeRTOS/Source/list.o
 .debug_macro   0x00000000       0x86 FreeRTOS/Source/list.o
 .debug_macro   0x00000000      0x1c9 FreeRTOS/Source/list.o
 .debug_macro   0x00000000       0x10 FreeRTOS/Source/list.o
 .debug_macro   0x00000000      0x302 FreeRTOS/Source/list.o
 .debug_macro   0x00000000       0x9e FreeRTOS/Source/list.o
 .debug_macro   0x00000000      0xc24 FreeRTOS/Source/list.o
 .debug_macro   0x00000000      0x170 FreeRTOS/Source/list.o
 .debug_macro   0x00000000       0xbd FreeRTOS/Source/list.o
 .debug_macro   0x00000000       0x34 FreeRTOS/Source/list.o
 .debug_macro   0x00000000       0x18 FreeRTOS/Source/list.o
 .debug_macro   0x00000000       0x6c FreeRTOS/Source/list.o
 .debug_macro   0x00000000       0xa0 FreeRTOS/Source/list.o
 .debug_macro   0x00000000      0x15a FreeRTOS/Source/list.o
 .debug_macro   0x00000000       0x7c FreeRTOS/Source/list.o
 .debug_macro   0x00000000       0x1c FreeRTOS/Source/list.o
 .debug_macro   0x00000000       0x26 FreeRTOS/Source/list.o
 .debug_macro   0x00000000      0x582 FreeRTOS/Source/list.o
 .debug_macro   0x00000000       0xb5 FreeRTOS/Source/list.o
 .group         0x00000000        0x8 FreeRTOS/Source/portable/GCC/ATMega323/port.o
 .group         0x00000000        0x8 FreeRTOS/Source/portable/GCC/ATMega323/port.o
 .group         0x00000000        0x8 FreeRTOS/Source/portable/GCC/ATMega323/port.o
 .group         0x00000000        0x8 FreeRTOS/Source/portable/GCC/ATMega323/port.o
 .group         0x00000000        0x8 FreeRTOS/Source/portable/GCC/ATMega323/port.o
 .group         0x00000000        0x8 FreeRTOS/Source/portable/GCC/ATMega323/port.o
 .group         0x00000000        0x8 FreeRTOS/Source/portable/GCC/ATMega323/port.o
 .group         0x00000000        0x8 FreeRTOS/Source/portable/GCC/ATMega323/port.o
 .group         0x00000000        0x8 FreeRTOS/Source/portable/GCC/ATMega323/port.o
 .group         0x00000000        0x8 FreeRTOS/Source/portable/GCC/ATMega323/port.o
 .group         0x00000000        0x8 FreeRTOS/Source/portable/GCC/ATMega323/port.o
 .group         0x00000000        0x8 FreeRTOS/Source/portable/GCC/ATMega323/port.o
 .group         0x00000000        0x8 FreeRTOS/Source/portable/GCC/ATMega323/port.o
 .group         0x00000000        0x8 FreeRTOS/Source/portable/GCC/ATMega323/port.o
 .group         0x00000000        0x8 FreeRTOS/Source/portable/GCC/ATMega323/port.o
 .group         0x00000000        0x8 FreeRTOS/Source/portable/GCC/ATMega323/port.o
 .group         0x00000000        0x8 FreeRTOS/Source/portable/GCC/ATMega323/port.o
 .group         0x00000000        0x8 FreeRTOS/Source/portable/GCC/ATMega323/port.o
 .group         0x00000000        0x8 FreeRTOS/Source/portable/GCC/ATMega323/port.o
 .group         0x00000000        0x8 FreeRTOS/Source/portable/GCC/ATMega323/port.o
 .group         0x00000000        0x8 FreeRTOS/Source/portable/GCC/ATMega323/port.o
 .group         0x00000000        0x8 FreeRTOS/Source/portable/GCC/ATMega323/port.o
 .group         0x00000000        0x8 FreeRTOS/Source/portable/GCC/ATMega323/port.o
 .group         0x00000000        0x8 FreeRTOS/Source/portable/GCC/ATMega323/port.o
 .text          0x00000000        0x0 FreeRTOS/Source/portable/GCC/ATMega323/port.o
 .data          0x00000000        0x0 FreeRTOS/Source/portable/GCC/ATMega323/port.o
 .bss           0x00000000        0x0 FreeRTOS/Source/portable/GCC/ATMega323/port.o
 .text.vPortEndScheduler
                0x00000000        0x2 FreeRTOS/Source/portable/GCC/ATMega323/port.o
 .text.vPortYieldFromTick
                0x00000000       0xb8 FreeRTOS/Source/portable/GCC/ATMega323/port.o
 .debug_macro   0x00000000      0xa4e FreeRTOS/Source/portable/GCC/ATMega323/port.o
 .debug_macro   0x00000000       0x1c FreeRTOS/Source/portable/GCC/ATMega323/port.o
 .debug_macro   0x00000000      0x10e FreeRTOS/Source/portable/GCC/ATMega323/port.o
 .debug_macro   0x00000000       0x66 FreeRTOS/Source/portable/GCC/ATMega323/port.o
 .debug_macro   0x00000000       0x10 FreeRTOS/Source/portable/GCC/ATMega323/port.o
 .debug_macro   0x00000000      0x1c9 FreeRTOS/Source/portable/GCC/ATMega323/port.o
 .debug_macro   0x00000000       0x9e FreeRTOS/Source/portable/GCC/ATMega323/port.o
 .debug_macro   0x00000000      0xc24 FreeRTOS/Source/portable/GCC/ATMega323/port.o
 .debug_macro   0x00000000      0x170 FreeRTOS/Source/portable/GCC/ATMega323/port.o
 .debug_macro   0x00000000       0xbd FreeRTOS/Source/portable/GCC/ATMega323/port.o
 .debug_macro   0x00000000       0x34 FreeRTOS/Source/portable/GCC/ATMega323/port.o
 .debug_macro   0x00000000       0x18 FreeRTOS/Source/portable/GCC/ATMega323/port.o
 .debug_macro   0x00000000       0x6c FreeRTOS/Source/portable/GCC/ATMega323/port.o
 .debug_macro   0x00000000       0x86 FreeRTOS/Source/portable/GCC/ATMega323/port.o
 .debug_macro   0x00000000      0x15a FreeRTOS/Source/portable/GCC/ATMega323/port.o
 .debug_macro   0x00000000       0x7c FreeRTOS/Source/portable/GCC/ATMega323/port.o
 .debug_macro   0x00000000       0x1c FreeRTOS/Source/portable/GCC/ATMega323/port.o
 .debug_macro   0x00000000       0x26 FreeRTOS/Source/portable/GCC/ATMega323/port.o
 .debug_macro   0x00000000      0x582 FreeRTOS/Source/portable/GCC/ATMega323/port.o
 .debug_macro   0x00000000       0xb5 FreeRTOS/Source/portable/GCC/ATMega323/port.o
 .debug_macro   0x00000000      0x120 FreeRTOS/Source/portable/GCC/ATMega323/port.o
 .group         0x00000000        0x8 FreeRTOS/Source/portable/MemMang/heap_4.o
 .group         0x00000000        0x8 FreeRTOS/Source/portable/MemMang/heap_4.o
 .group         0x00000000        0x8 FreeRTOS/Source/portable/MemMang/heap_4.o
 .group         0x00000000        0x8 FreeRTOS/Source/portable/MemMang/heap_4.o
 .group         0x00000000        0x8 FreeRTOS/Source/portable/MemMang/heap_4.o
 .group         0x00000000        0x8 FreeRTOS/Source/portable/MemMang/heap_4.o
 .group         0x00000000        0x8 FreeRTOS/Source/portable/MemMang/heap_4.o
 .group         0x00000000        0x8 FreeRTOS/Source/portable/MemMang/heap_4.o
 .group         0x00000000        0x8 FreeRTOS/Source/portable/MemMang/heap_4.o
 .group         0x00000000        0x8 FreeRTOS/Source/portable/MemMang/heap_4.o
 .group         0x00000000        0x8 FreeRTOS/Source/portable/MemMang/heap_4.o
 .group         0x00000000        0x8 FreeRTOS/Source/portable/MemMang/heap_4.o
 .group         0x00000000        0x8 FreeRTOS/Source/portable/MemMang/heap_4.o
 .group         0x00000000        0x8 FreeRTOS/Source/portable/MemMang/heap_4.o
 .group         0x00000000        0x8 FreeRTOS/Source/portable/MemMang/heap_4.o
 .group         0x00000000        0x8 FreeRTOS/Source/portable/MemMang/heap_4.o
 .group         0x00000000        0x8 FreeRTOS/Source/portable/MemMang/heap_4.o
 .group         0x00000000        0x8 FreeRTOS/Source/portable/MemMang/heap_4.o
 .group         0x00000000        0x8 FreeRTOS/Source/portable/MemMang/heap_4.o
 .group         0x00000000        0x8 FreeRTOS/Source/portable/MemMang/heap_4.o
 .group         0x00000000        0x8 FreeRTOS/Source/portable/MemMang/heap_4.o
 .group         0x00000000        0x8 FreeRTOS/Source/portable/MemMang/heap_4.o
 .group         0x00000000        0x8 FreeRTOS/Source/portable/MemMang/heap_4.o
 .text          0x00000000        0x0 FreeRTOS/Source/portable/MemMang/heap_4.o
 .data          0x00000000        0x0 FreeRTOS/Source/portable/MemMang/heap_4.o
 .bss           0x00000000        0x0 FreeRTOS/Source/portable/MemMang/heap_4.o
 .text.xPortGetFreeHeapSize
                0x00000000        0xa FreeRTOS/Source/portable/MemMang/heap_4.o
 .text.xPortGetMinimumEverFreeHeapSize
                0x00000000        0xa FreeRTOS/Source/portable/MemMang/heap_4.o
 .text.vPortInitialiseBlocks
                0x00000000        0x2 FreeRTOS/Source/portable/MemMang/heap_4.o
 .text.vPortGetHeapStats
                0x00000000       0xc4 FreeRTOS/Source/portable/MemMang/heap_4.o
 .debug_macro   0x00000000      0xa4e FreeRTOS/Source/portable/MemMang/heap_4.o
 .debug_macro   0x00000000       0x1c FreeRTOS/Source/portable/MemMang/heap_4.o
 .debug_macro   0x00000000      0x10e FreeRTOS/Source/portable/MemMang/heap_4.o
 .debug_macro   0x00000000       0x66 FreeRTOS/Source/portable/MemMang/heap_4.o
 .debug_macro   0x00000000       0x86 FreeRTOS/Source/portable/MemMang/heap_4.o
 .debug_macro   0x00000000      0x1c9 FreeRTOS/Source/portable/MemMang/heap_4.o
 .debug_macro   0x00000000       0x10 FreeRTOS/Source/portable/MemMang/heap_4.o
 .debug_macro   0x00000000      0x302 FreeRTOS/Source/portable/MemMang/heap_4.o
 .debug_macro   0x00000000       0x9e FreeRTOS/Source/portable/MemMang/heap_4.o
 .debug_macro   0x00000000      0xc24 FreeRTOS/Source/portable/MemMang/heap_4.o
 .debug_macro   0x00000000      0x170 FreeRTOS/Source/portable/MemMang/heap_4.o
 .debug_macro   0x00000000       0xbd FreeRTOS/Source/portable/MemMang/heap_4.o
 .debug_macro   0x00000000       0x34 FreeRTOS/Source/portable/MemMang/heap_4.o
 .debug_macro   0x00000000       0x18 FreeRTOS/Source/portable/MemMang/heap_4.o
 .debug_macro   0x00000000       0x6c FreeRTOS/Source/portable/MemMang/heap_4.o
 .debug_macro   0x00000000       0xa0 FreeRTOS/Source/portable/MemMang/heap_4.o
 .debug_macro   0x00000000      0x15a FreeRTOS/Source/portable/MemMang/heap_4.o
 .debug_macro   0x00000000       0x7c FreeRTOS/Source/portable/MemMang/heap_4.o
 .debug_macro   0x00000000       0x1c FreeRTOS/Source/portable/MemMang/heap_4.o
 .debug_macro   0x00000000       0x26 FreeRTOS/Source/portable/MemMang/heap_4.o
 .debug_macro   0x00000000      0x582 FreeRTOS/Source/portable/MemMang/heap_4.o
 .debug_macro   0x00000000       0xb5 FreeRTOS/Source/portable/MemMang/heap_4.o
 .debug_macro   0x00000000      0x120 FreeRTOS/Source/portable/MemMang/heap_4.o
 .group         0x00000000        0x8 FreeRTOS/Source/queue.o
 .group         0x00000000        0x8 FreeRTOS/Source/queue.o
 .group         0x00000000        0x8 FreeRTOS/Source/queue.o
 .group         0x00000000        0x8 FreeRTOS/Source/queue.o
 .group         0x00000000        0x8 FreeRTOS/Source/queue.o
 .group         0x00000000        0x8 FreeRTOS/Source/queue.o
 .group         0x00000000        0x8 FreeRTOS/Source/queue.o
 .group         0x00000000        0x8 FreeRTOS/Source/queue.o
 .group         0x00000000        0x8 FreeRTOS/Source/queue.o
 .group         0x00000000        0x8 FreeRTOS/Source/queue.o
 .group         0x00000000        0x8 FreeRTOS/Source/queue.o
 .group         0x00000000        0x8 FreeRTOS/Source/queue.o
 .group         0x00000000        0x8 FreeRTOS/Source/queue.o
 .group         0x00000000        0x8 FreeRTOS/Source/queue.o
 .group         0x00000000        0x8 FreeRTOS/Source/queue.o
 .group         0x00000000        0x8 FreeRTOS/Source/queue.o
 .group         0x00000000        0x8 FreeRTOS/Source/queue.o
 .group         0x00000000        0x8 FreeRTOS/Source/queue.o
 .group         0x00000000        0x8 FreeRTOS/Source/queue.o
 .group         0x00000000        0x8 FreeRTOS/Source/queue.o
 .group         0x00000000        0x8 FreeRTOS/Source/queue.o
 .group         0x00000000        0x8 FreeRTOS/Source/queue.o
 .group         0x00000000        0x8 FreeRTOS/Source/queue.o
 .group         0x00000000        0x8 FreeRTOS/Source/queue.o
 .group         0x00000000        0x8 FreeRTOS/Source/queue.o
 .group         0x00000000        0x8 FreeRTOS/Source/queue.o
 .group         0x00000000        0x8 FreeRTOS/Source/queue.o
 .text          0x00000000        0x0 FreeRTOS/Source/queue.o
 .data          0x00000000        0x0 FreeRTOS/Source/queue.o
 .bss           0x00000000        0x0 FreeRTOS/Source/queue.o
 .text.xQueueGiveFromISR
                0x00000000       0x52 FreeRTOS/Source/queue.o
 .text.xQueueSemaphoreTake
                0x00000000      0x114 FreeRTOS/Source/queue.o
 .text.xQueuePeek
                0x00000000      0x12c FreeRTOS/Source/queue.o
 .text.xQueueReceiveFromISR
                0x00000000       0x6e FreeRTOS/Source/queue.o
 .text.xQueuePeekFromISR
                0x00000000       0x2e FreeRTOS/Source/queue.o
 .text.uxQueueMessagesWaiting
                0x00000000       0x10 FreeRTOS/Source/queue.o
 .text.uxQueueSpacesAvailable
                0x00000000       0x14 FreeRTOS/Source/queue.o
 .text.uxQueueMessagesWaitingFromISR
                0x00000000        0x6 FreeRTOS/Source/queue.o
 .text.vQueueDelete
                0x00000000        0x6 FreeRTOS/Source/queue.o
 .text.xQueueIsQueueEmptyFromISR
                0x00000000        0xc FreeRTOS/Source/queue.o
 .text.xQueueIsQueueFullFromISR
                0x00000000        0xe FreeRTOS/Source/queue.o
 .text.xQueueCRSend
                0x00000000       0x72 FreeRTOS/Source/queue.o
 .text.xQueueCRReceive
                0x00000000       0x92 FreeRTOS/Source/queue.o
 .text.xQueueCRSendFromISR
                0x00000000       0x48 FreeRTOS/Source/queue.o
 .text.xQueueCRReceiveFromISR
                0x00000000       0x82 FreeRTOS/Source/queue.o
 .debug_macro   0x00000000      0xa4e FreeRTOS/Source/queue.o
 .debug_macro   0x00000000       0x1c FreeRTOS/Source/queue.o
 .debug_macro   0x00000000      0x10e FreeRTOS/Source/queue.o
 .debug_macro   0x00000000       0x66 FreeRTOS/Source/queue.o
 .debug_macro   0x00000000       0x86 FreeRTOS/Source/queue.o
 .debug_macro   0x00000000      0x1c9 FreeRTOS/Source/queue.o
 .debug_macro   0x00000000       0x10 FreeRTOS/Source/queue.o
 .debug_macro   0x00000000      0x302 FreeRTOS/Source/queue.o
 .debug_macro   0x00000000       0x9e FreeRTOS/Source/queue.o
 .debug_macro   0x00000000      0xc24 FreeRTOS/Source/queue.o
 .debug_macro   0x00000000      0x170 FreeRTOS/Source/queue.o
 .debug_macro   0x00000000       0xbd FreeRTOS/Source/queue.o
 .debug_macro   0x00000000       0x34 FreeRTOS/Source/queue.o
 .debug_macro   0x00000000       0x18 FreeRTOS/Source/queue.o
 .debug_macro   0x00000000       0x6c FreeRTOS/Source/queue.o
 .debug_macro   0x00000000       0xa0 FreeRTOS/Source/queue.o
 .debug_macro   0x00000000      0x15a FreeRTOS/Source/queue.o
 .debug_macro   0x00000000       0x7c FreeRTOS/Source/queue.o
 .debug_macro   0x00000000       0x1c FreeRTOS/Source/queue.o
 .debug_macro   0x00000000       0x26 FreeRTOS/Source/queue.o
 .debug_macro   0x00000000      0x582 FreeRTOS/Source/queue.o
 .debug_macro   0x00000000       0xb5 FreeRTOS/Source/queue.o
 .debug_macro   0x00000000      0x120 FreeRTOS/Source/queue.o
 .debug_macro   0x00000000       0x49 FreeRTOS/Source/queue.o
 .group         0x00000000        0x8 FreeRTOS/Source/stream_buffer.o
 .group         0x00000000        0x8 FreeRTOS/Source/stream_buffer.o
 .group         0x00000000        0x8 FreeRTOS/Source/stream_buffer.o
 .group         0x00000000        0x8 FreeRTOS/Source/stream_buffer.o
 .group         0x00000000        0x8 FreeRTOS/Source/stream_buffer.o
 .group         0x00000000        0x8 FreeRTOS/Source/stream_buffer.o
 .group         0x00000000        0x8 FreeRTOS/Source/stream_buffer.o
 .group         0x00000000        0x8 FreeRTOS/Source/stream_buffer.o
 .group         0x00000000        0x8 FreeRTOS/Source/stream_buffer.o
 .group         0x00000000        0x8 FreeRTOS/Source/stream_buffer.o
 .group         0x00000000        0x8 FreeRTOS/Source/stream_buffer.o
 .group         0x00000000        0x8 FreeRTOS/Source/stream_buffer.o
 .group         0x00000000        0x8 FreeRTOS/Source/stream_buffer.o
 .group         0x00000000        0x8 FreeRTOS/Source/stream_buffer.o
 .group         0x00000000        0x8 FreeRTOS/Source/stream_buffer.o
 .group         0x00000000        0x8 FreeRTOS/Source/stream_buffer.o
 .group         0x00000000        0x8 FreeRTOS/Source/stream_buffer.o
 .group         0x00000000        0x8 FreeRTOS/Source/stream_buffer.o
 .group         0x00000000        0x8 FreeRTOS/Source/stream_buffer.o
 .group         0x00000000        0x8 FreeRTOS/Source/stream_buffer.o
 .group         0x00000000        0x8 FreeRTOS/Source/stream_buffer.o
 .group         0x00000000        0x8 FreeRTOS/Source/stream_buffer.o
 .group         0x00000000        0x8 FreeRTOS/Source/stream_buffer.o
 .group         0x00000000        0x8 FreeRTOS/Source/stream_buffer.o
 .text          0x00000000        0x0 FreeRTOS/Source/stream_buffer.o
 .data          0x00000000        0x0 FreeRTOS/Source/stream_buffer.o
 .bss           0x00000000        0x0 FreeRTOS/Source/stream_buffer.o
 .text.prvBytesInBuffer
                0x00000000       0x26 FreeRTOS/Source/stream_buffer.o
 .text.prvWriteBytesToBuffer
                0x00000000       0x92 FreeRTOS/Source/stream_buffer.o
 .text.prvWriteMessageToBuffer
                0x00000000       0x82 FreeRTOS/Source/stream_buffer.o
 .text.prvReadBytesFromBuffer
                0x00000000       0x9e FreeRTOS/Source/stream_buffer.o
 .text.xStreamBufferGenericCreate
                0x00000000       0x6c FreeRTOS/Source/stream_buffer.o
 .text.vStreamBufferDelete
                0x00000000       0x1a FreeRTOS/Source/stream_buffer.o
 .text.xStreamBufferReset
                0x00000000       0x74 FreeRTOS/Source/stream_buffer.o
 .text.xStreamBufferSetTriggerLevel
                0x00000000       0x22 FreeRTOS/Source/stream_buffer.o
 .text.xStreamBufferSpacesAvailable
                0x00000000       0x24 FreeRTOS/Source/stream_buffer.o
 .text.xStreamBufferBytesAvailable
                0x00000000        0x6 FreeRTOS/Source/stream_buffer.o
 .text.xStreamBufferSend
                0x00000000      0x16e FreeRTOS/Source/stream_buffer.o
 .text.xStreamBufferSendFromISR
                0x00000000       0x8e FreeRTOS/Source/stream_buffer.o
 .text.xStreamBufferReceive
                0x00000000      0x156 FreeRTOS/Source/stream_buffer.o
 .text.xStreamBufferNextMessageLengthBytes
                0x00000000       0x66 FreeRTOS/Source/stream_buffer.o
 .text.xStreamBufferReceiveFromISR
                0x00000000       0xe8 FreeRTOS/Source/stream_buffer.o
 .text.xStreamBufferIsEmpty
                0x00000000       0x16 FreeRTOS/Source/stream_buffer.o
 .text.xStreamBufferIsFull
                0x00000000       0x2c FreeRTOS/Source/stream_buffer.o
 .text.xStreamBufferSendCompletedFromISR
                0x00000000       0x4c FreeRTOS/Source/stream_buffer.o
 .text.xStreamBufferReceiveCompletedFromISR
                0x00000000       0x4c FreeRTOS/Source/stream_buffer.o
 .debug_info    0x00000000     0x13d6 FreeRTOS/Source/stream_buffer.o
 .debug_abbrev  0x00000000      0x28f FreeRTOS/Source/stream_buffer.o
 .debug_loc     0x00000000     0x1d48 FreeRTOS/Source/stream_buffer.o
 .debug_aranges
                0x00000000       0xb0 FreeRTOS/Source/stream_buffer.o
 .debug_ranges  0x00000000       0xa0 FreeRTOS/Source/stream_buffer.o
 .debug_macro   0x00000000      0x14d FreeRTOS/Source/stream_buffer.o
 .debug_macro   0x00000000      0xa4e FreeRTOS/Source/stream_buffer.o
 .debug_macro   0x00000000      0x1c9 FreeRTOS/Source/stream_buffer.o
 .debug_macro   0x00000000       0x16 FreeRTOS/Source/stream_buffer.o
 .debug_macro   0x00000000       0x97 FreeRTOS/Source/stream_buffer.o
 .debug_macro   0x00000000       0x16 FreeRTOS/Source/stream_buffer.o
 .debug_macro   0x00000000       0xf6 FreeRTOS/Source/stream_buffer.o
 .debug_macro   0x00000000       0x10 FreeRTOS/Source/stream_buffer.o
 .debug_macro   0x00000000      0x302 FreeRTOS/Source/stream_buffer.o
 .debug_macro   0x00000000       0x9e FreeRTOS/Source/stream_buffer.o
 .debug_macro   0x00000000      0xc24 FreeRTOS/Source/stream_buffer.o
 .debug_macro   0x00000000      0x170 FreeRTOS/Source/stream_buffer.o
 .debug_macro   0x00000000       0xbd FreeRTOS/Source/stream_buffer.o
 .debug_macro   0x00000000       0x34 FreeRTOS/Source/stream_buffer.o
 .debug_macro   0x00000000       0x18 FreeRTOS/Source/stream_buffer.o
 .debug_macro   0x00000000       0x6c FreeRTOS/Source/stream_buffer.o
 .debug_macro   0x00000000       0xa0 FreeRTOS/Source/stream_buffer.o
 .debug_macro   0x00000000      0x15a FreeRTOS/Source/stream_buffer.o
 .debug_macro   0x00000000       0x7c FreeRTOS/Source/stream_buffer.o
 .debug_macro   0x00000000       0x1c FreeRTOS/Source/stream_buffer.o
 .debug_macro   0x00000000       0x26 FreeRTOS/Source/stream_buffer.o
 .debug_macro   0x00000000      0x582 FreeRTOS/Source/stream_buffer.o
 .debug_macro   0x00000000       0xb5 FreeRTOS/Source/stream_buffer.o
 .debug_macro   0x00000000      0x120 FreeRTOS/Source/stream_buffer.o
 .debug_macro   0x00000000       0x18 FreeRTOS/Source/stream_buffer.o
 .debug_line    0x00000000      0x94b FreeRTOS/Source/stream_buffer.o
 .debug_str     0x00000000     0xb673 FreeRTOS/Source/stream_buffer.o
 .comment       0x00000000       0x31 FreeRTOS/Source/stream_buffer.o
 .debug_frame   0x00000000      0x3a8 FreeRTOS/Source/stream_buffer.o
 .group         0x00000000        0x8 FreeRTOS/Source/tasks.o
 .group         0x00000000        0x8 FreeRTOS/Source/tasks.o
 .group         0x00000000        0x8 FreeRTOS/Source/tasks.o
 .group         0x00000000        0x8 FreeRTOS/Source/tasks.o
 .group         0x00000000        0x8 FreeRTOS/Source/tasks.o
 .group         0x00000000        0x8 FreeRTOS/Source/tasks.o
 .group         0x00000000        0x8 FreeRTOS/Source/tasks.o
 .group         0x00000000        0x8 FreeRTOS/Source/tasks.o
 .group         0x00000000        0x8 FreeRTOS/Source/tasks.o
 .group         0x00000000        0x8 FreeRTOS/Source/tasks.o
 .group         0x00000000        0x8 FreeRTOS/Source/tasks.o
 .group         0x00000000        0x8 FreeRTOS/Source/tasks.o
 .group         0x00000000        0x8 FreeRTOS/Source/tasks.o
 .group         0x00000000        0x8 FreeRTOS/Source/tasks.o
 .group         0x00000000        0x8 FreeRTOS/Source/tasks.o
 .group         0x00000000        0x8 FreeRTOS/Source/tasks.o
 .group         0x00000000        0x8 FreeRTOS/Source/tasks.o
 .group         0x00000000        0x8 FreeRTOS/Source/tasks.o
 .group         0x00000000        0x8 FreeRTOS/Source/tasks.o
 .group         0x00000000        0x8 FreeRTOS/Source/tasks.o
 .group         0x00000000        0x8 FreeRTOS/Source/tasks.o
 .group         0x00000000        0x8 FreeRTOS/Source/tasks.o
 .group         0x00000000        0x8 FreeRTOS/Source/tasks.o
 .group         0x00000000        0x8 FreeRTOS/Source/tasks.o
 .group         0x00000000        0x8 FreeRTOS/Source/tasks.o
 .group         0x00000000        0x8 FreeRTOS/Source/tasks.o
 .group         0x00000000        0x8 FreeRTOS/Source/tasks.o
 .text          0x00000000        0x0 FreeRTOS/Source/tasks.o
 .data          0x00000000        0x0 FreeRTOS/Source/tasks.o
 .bss           0x00000000        0x0 FreeRTOS/Source/tasks.o
 .text.vTaskDelete
                0x00000000       0xaa FreeRTOS/Source/tasks.o
 .text.uxTaskPriorityGet
                0x00000000       0x1e FreeRTOS/Source/tasks.o
 .text.uxTaskPriorityGetFromISR
                0x00000000       0x14 FreeRTOS/Source/tasks.o
 .text.vTaskPrioritySet
                0x00000000       0xcc FreeRTOS/Source/tasks.o
 .text.vTaskResume
                0x00000000       0x8e FreeRTOS/Source/tasks.o
 .text.xTaskResumeFromISR
                0x00000000       0xb6 FreeRTOS/Source/tasks.o
 .text.vTaskEndScheduler
                0x00000000        0xc FreeRTOS/Source/tasks.o
 .text.xTaskGetTickCountFromISR
                0x00000000        0xa FreeRTOS/Source/tasks.o
 .text.uxTaskGetNumberOfTasks
                0x00000000        0x6 FreeRTOS/Source/tasks.o
 .text.pcTaskGetName
                0x00000000       0x10 FreeRTOS/Source/tasks.o
 .text.xTaskDelayUntil
                0x00000000       0x8e FreeRTOS/Source/tasks.o
 .text.vTaskDelay
                0x00000000       0x28 FreeRTOS/Source/tasks.o
 .text.xTaskCatchUpTicks
                0x00000000       0x28 FreeRTOS/Source/tasks.o
 .text.vTaskSuspend
                0x00000000       0xa4 FreeRTOS/Source/tasks.o
 .text.vTaskPlaceOnUnorderedEventList
                0x00000000       0x32 FreeRTOS/Source/tasks.o
 .text.vTaskRemoveFromUnorderedEventList
                0x00000000       0x70 FreeRTOS/Source/tasks.o
 .text.vTaskSetTimeOutState
                0x00000000       0x20 FreeRTOS/Source/tasks.o
 .text.uxTaskResetEventItemValue
                0x00000000       0x2e FreeRTOS/Source/tasks.o
 .text.ulTaskGenericNotifyTake
                0x00000000      0x102 FreeRTOS/Source/tasks.o
 .text.xTaskGenericNotifyWait
                0x00000000      0x142 FreeRTOS/Source/tasks.o
 .text.xTaskGenericNotify
                0x00000000      0x150 FreeRTOS/Source/tasks.o
 .text.xTaskGenericNotifyFromISR
                0x00000000      0x184 FreeRTOS/Source/tasks.o
 .text.vTaskGenericNotifyGiveFromISR
                0x00000000       0xd0 FreeRTOS/Source/tasks.o
 .text.xTaskGenericNotifyStateClear
                0x00000000       0x34 FreeRTOS/Source/tasks.o
 .text.ulTaskGenericNotifyValueClear
                0x00000000       0x68 FreeRTOS/Source/tasks.o
 .debug_macro   0x00000000      0xa4e FreeRTOS/Source/tasks.o
 .debug_macro   0x00000000       0x1c FreeRTOS/Source/tasks.o
 .debug_macro   0x00000000      0x10e FreeRTOS/Source/tasks.o
 .debug_macro   0x00000000       0x66 FreeRTOS/Source/tasks.o
 .debug_macro   0x00000000       0x16 FreeRTOS/Source/tasks.o
 .debug_macro   0x00000000       0x20 FreeRTOS/Source/tasks.o
 .debug_macro   0x00000000       0x86 FreeRTOS/Source/tasks.o
 .debug_macro   0x00000000      0x1c9 FreeRTOS/Source/tasks.o
 .debug_macro   0x00000000       0x10 FreeRTOS/Source/tasks.o
 .debug_macro   0x00000000      0x302 FreeRTOS/Source/tasks.o
 .debug_macro   0x00000000       0x9e FreeRTOS/Source/tasks.o
 .debug_macro   0x00000000      0xc24 FreeRTOS/Source/tasks.o
 .debug_macro   0x00000000      0x170 FreeRTOS/Source/tasks.o
 .debug_macro   0x00000000       0xbd FreeRTOS/Source/tasks.o
 .debug_macro   0x00000000       0x34 FreeRTOS/Source/tasks.o
 .debug_macro   0x00000000       0x18 FreeRTOS/Source/tasks.o
 .debug_macro   0x00000000       0x6c FreeRTOS/Source/tasks.o
 .debug_macro   0x00000000       0xa0 FreeRTOS/Source/tasks.o
 .debug_macro   0x00000000      0x15a FreeRTOS/Source/tasks.o
 .debug_macro   0x00000000       0x7c FreeRTOS/Source/tasks.o
 .debug_macro   0x00000000       0x1c FreeRTOS/Source/tasks.o
 .debug_macro   0x00000000       0x26 FreeRTOS/Source/tasks.o
 .debug_macro   0x00000000      0x582 FreeRTOS/Source/tasks.o
 .debug_macro   0x00000000       0xb5 FreeRTOS/Source/tasks.o
 .debug_macro   0x00000000      0x120 FreeRTOS/Source/tasks.o
 .debug_macro   0x00000000       0x91 FreeRTOS/Source/tasks.o
 .group         0x00000000        0x8 inc/timers.o
 .group         0x00000000        0x8 inc/timers.o
 .group         0x00000000        0x8 inc/timers.o
 .group         0x00000000        0x8 inc/timers.o
 .group         0x00000000        0x8 inc/timers.o
 .group         0x00000000        0x8 inc/timers.o
 .group         0x00000000        0x8 inc/timers.o
 .group         0x00000000        0x8 inc/timers.o
 .group         0x00000000        0x8 inc/timers.o
 .group         0x00000000        0x8 inc/timers.o
 .group         0x00000000        0x8 inc/timers.o
 .group         0x00000000        0x8 inc/timers.o
 .group         0x00000000        0x8 inc/timers.o
 .group         0x00000000        0x8 inc/timers.o
 .group         0x00000000        0x8 inc/timers.o
 .group         0x00000000        0x8 inc/timers.o
 .group         0x00000000        0x8 inc/timers.o
 .group         0x00000000        0x8 inc/timers.o
 .group         0x00000000        0x8 inc/timers.o
 .group         0x00000000        0x8 inc/timers.o
 .group         0x00000000        0x8 inc/timers.o
 .group         0x00000000        0x8 inc/timers.o
 .group         0x00000000        0x8 inc/timers.o
 .group         0x00000000        0x8 inc/timers.o
 .group         0x00000000        0x8 inc/timers.o
 .text          0x00000000        0x0 inc/timers.o
 .data          0x00000000        0x0 inc/timers.o
 .bss           0x00000000        0x0 inc/timers.o
 .text.xTimerGetTimerDaemonTaskHandle
                0x00000000        0xa inc/timers.o
 .text.xTimerGetPeriod
                0x00000000        0x8 inc/timers.o
 .text.vTimerSetReloadMode
                0x00000000       0x22 inc/timers.o
 .text.uxTimerGetReloadMode
                0x00000000       0x16 inc/timers.o
 .text.xTimerGetExpiryTime
                0x00000000        0x8 inc/timers.o
 .text.pcTimerGetName
                0x00000000        0x8 inc/timers.o
 .text.xTimerIsTimerActive
                0x00000000       0x12 inc/timers.o
 .text.pvTimerGetTimerID
                0x00000000       0x12 inc/timers.o
 .text.vTimerSetTimerID
                0x00000000       0x12 inc/timers.o
 .debug_macro   0x00000000      0xa4e inc/timers.o
 .debug_macro   0x00000000       0x1c inc/timers.o
 .debug_macro   0x00000000      0x10e inc/timers.o
 .debug_macro   0x00000000       0x66 inc/timers.o
 .debug_macro   0x00000000       0x86 inc/timers.o
 .debug_macro   0x00000000      0x1c9 inc/timers.o
 .debug_macro   0x00000000       0x10 inc/timers.o
 .debug_macro   0x00000000      0x302 inc/timers.o
 .debug_macro   0x00000000       0x9e inc/timers.o
 .debug_macro   0x00000000      0xc24 inc/timers.o
 .debug_macro   0x00000000      0x170 inc/timers.o
 .debug_macro   0x00000000       0xbd inc/timers.o
 .debug_macro   0x00000000       0x34 inc/timers.o
 .debug_macro   0x00000000       0x18 inc/timers.o
 .debug_macro   0x00000000       0x6c inc/timers.o
 .debug_macro   0x00000000       0xa0 inc/timers.o
 .debug_macro   0x00000000      0x15a inc/timers.o
 .debug_macro   0x00000000       0x7c inc/timers.o
 .debug_macro   0x00000000       0x1c inc/timers.o
 .debug_macro   0x00000000       0x26 inc/timers.o
 .debug_macro   0x00000000      0x582 inc/timers.o
 .debug_macro   0x00000000       0xb5 inc/timers.o
 .debug_macro   0x00000000      0x120 inc/timers.o
 .debug_macro   0x00000000       0x80 inc/timers.o
 .group         0x00000000        0x8 main.o
 .group         0x00000000        0x8 main.o
 .group         0x00000000        0x8 main.o
 .group         0x00000000        0x8 main.o
 .group         0x00000000        0x8 main.o
 .group         0x00000000        0x8 main.o
 .group         0x00000000        0x8 main.o
 .group         0x00000000        0x8 main.o
 .group         0x00000000        0x8 main.o
 .group         0x00000000        0x8 main.o
 .group         0x00000000        0x8 main.o
 .group         0x00000000        0x8 main.o
 .group         0x00000000        0x8 main.o
 .group         0x00000000        0x8 main.o
 .group         0x00000000        0x8 main.o
 .group         0x00000000        0x8 main.o
 .group         0x00000000        0x8 main.o
 .group         0x00000000        0x8 main.o
 .group         0x00000000        0x8 main.o
 .group         0x00000000        0x8 main.o
 .group         0x00000000        0x8 main.o
 .group         0x00000000        0x8 main.o
 .group         0x00000000        0x8 main.o
 .group         0x00000000        0x8 main.o
 .group         0x00000000        0x8 main.o
 .group         0x00000000        0x8 main.o
 .group         0x00000000        0x8 main.o
 .group         0x00000000        0x8 main.o
 .group         0x00000000        0x8 main.o
 .text          0x00000000        0x0 main.o
 .data          0x00000000        0x0 main.o
 .bss           0x00000000        0x0 main.o
 .text.command  0x00000000       0x16 main.o
 .text.lcd_init
                0x00000000       0x38 main.o
 .debug_macro   0x00000000      0xa4e main.o
 .debug_macro   0x00000000       0x10 main.o
 .debug_macro   0x00000000      0x1c9 main.o
 .debug_macro   0x00000000      0x2fc main.o
 .debug_macro   0x00000000       0x9e main.o
 .debug_macro   0x00000000      0xc24 main.o
 .debug_macro   0x00000000      0x170 main.o
 .debug_macro   0x00000000       0xbd main.o
 .debug_macro   0x00000000       0x34 main.o
 .debug_macro   0x00000000       0x18 main.o
 .debug_macro   0x00000000       0x6c main.o
 .debug_macro   0x00000000       0x97 main.o
 .debug_macro   0x00000000       0xf6 main.o
 .debug_macro   0x00000000       0xa6 main.o
 .debug_macro   0x00000000      0x15a main.o
 .debug_macro   0x00000000       0x7c main.o
 .debug_macro   0x00000000       0x1c main.o
 .debug_macro   0x00000000       0x26 main.o
 .debug_macro   0x00000000      0x582 main.o
 .debug_macro   0x00000000       0xb5 main.o
 .debug_macro   0x00000000      0x120 main.o
 .debug_macro   0x00000000       0x91 main.o
 .text          0x00000000        0x0 c:/program files (x86)/atmel/studio/7.0/toolchain/avr8/avr8-gnu-toolchain/bin/../lib/gcc/avr/5.4.0/avr5\libgcc.a(_exit.o)
 .data          0x00000000        0x0 c:/program files (x86)/atmel/studio/7.0/toolchain/avr8/avr8-gnu-toolchain/bin/../lib/gcc/avr/5.4.0/avr5\libgcc.a(_exit.o)
 .bss           0x00000000        0x0 c:/program files (x86)/atmel/studio/7.0/toolchain/avr8/avr8-gnu-toolchain/bin/../lib/gcc/avr/5.4.0/avr5\libgcc.a(_exit.o)
 .text.libgcc.mul
                0x00000000        0x0 c:/program files (x86)/atmel/studio/7.0/toolchain/avr8/avr8-gnu-toolchain/bin/../lib/gcc/avr/5.4.0/avr5\libgcc.a(_exit.o)
 .text.libgcc.div
                0x00000000        0x0 c:/program files (x86)/atmel/studio/7.0/toolchain/avr8/avr8-gnu-toolchain/bin/../lib/gcc/avr/5.4.0/avr5\libgcc.a(_exit.o)
 .text.libgcc   0x00000000        0x0 c:/program files (x86)/atmel/studio/7.0/toolchain/avr8/avr8-gnu-toolchain/bin/../lib/gcc/avr/5.4.0/avr5\libgcc.a(_exit.o)
 .text.libgcc.prologue
                0x00000000        0x0 c:/program files (x86)/atmel/studio/7.0/toolchain/avr8/avr8-gnu-toolchain/bin/../lib/gcc/avr/5.4.0/avr5\libgcc.a(_exit.o)
 .text.libgcc.builtins
                0x00000000        0x0 c:/program files (x86)/atmel/studio/7.0/toolchain/avr8/avr8-gnu-toolchain/bin/../lib/gcc/avr/5.4.0/avr5\libgcc.a(_exit.o)
 .text.libgcc.fmul
                0x00000000        0x0 c:/program files (x86)/atmel/studio/7.0/toolchain/avr8/avr8-gnu-toolchain/bin/../lib/gcc/avr/5.4.0/avr5\libgcc.a(_exit.o)
 .text.libgcc.fixed
                0x00000000        0x0 c:/program files (x86)/atmel/studio/7.0/toolchain/avr8/avr8-gnu-toolchain/bin/../lib/gcc/avr/5.4.0/avr5\libgcc.a(_exit.o)
 .text          0x00000000        0x0 c:/program files (x86)/atmel/studio/7.0/toolchain/avr8/avr8-gnu-toolchain/bin/../lib/gcc/avr/5.4.0/avr5\libgcc.a(_tablejump2.o)
 .data          0x00000000        0x0 c:/program files (x86)/atmel/studio/7.0/toolchain/avr8/avr8-gnu-toolchain/bin/../lib/gcc/avr/5.4.0/avr5\libgcc.a(_tablejump2.o)
 .bss           0x00000000        0x0 c:/program files (x86)/atmel/studio/7.0/toolchain/avr8/avr8-gnu-toolchain/bin/../lib/gcc/avr/5.4.0/avr5\libgcc.a(_tablejump2.o)
 .text.libgcc.mul
                0x00000000        0x0 c:/program files (x86)/atmel/studio/7.0/toolchain/avr8/avr8-gnu-toolchain/bin/../lib/gcc/avr/5.4.0/avr5\libgcc.a(_tablejump2.o)
 .text.libgcc.div
                0x00000000        0x0 c:/program files (x86)/atmel/studio/7.0/toolchain/avr8/avr8-gnu-toolchain/bin/../lib/gcc/avr/5.4.0/avr5\libgcc.a(_tablejump2.o)
 .text.libgcc.prologue
                0x00000000        0x0 c:/program files (x86)/atmel/studio/7.0/toolchain/avr8/avr8-gnu-toolchain/bin/../lib/gcc/avr/5.4.0/avr5\libgcc.a(_tablejump2.o)
 .text.libgcc.builtins
                0x00000000        0x0 c:/program files (x86)/atmel/studio/7.0/toolchain/avr8/avr8-gnu-toolchain/bin/../lib/gcc/avr/5.4.0/avr5\libgcc.a(_tablejump2.o)
 .text.libgcc.fmul
                0x00000000        0x0 c:/program files (x86)/atmel/studio/7.0/toolchain/avr8/avr8-gnu-toolchain/bin/../lib/gcc/avr/5.4.0/avr5\libgcc.a(_tablejump2.o)
 .text.libgcc.fixed
                0x00000000        0x0 c:/program files (x86)/atmel/studio/7.0/toolchain/avr8/avr8-gnu-toolchain/bin/../lib/gcc/avr/5.4.0/avr5\libgcc.a(_tablejump2.o)
 .text          0x00000000        0x0 c:/program files (x86)/atmel/studio/7.0/toolchain/avr8/avr8-gnu-toolchain/bin/../lib/gcc/avr/5.4.0/avr5\libgcc.a(_copy_data.o)
 .data          0x00000000        0x0 c:/program files (x86)/atmel/studio/7.0/toolchain/avr8/avr8-gnu-toolchain/bin/../lib/gcc/avr/5.4.0/avr5\libgcc.a(_copy_data.o)
 .bss           0x00000000        0x0 c:/program files (x86)/atmel/studio/7.0/toolchain/avr8/avr8-gnu-toolchain/bin/../lib/gcc/avr/5.4.0/avr5\libgcc.a(_copy_data.o)
 .text.libgcc.mul
                0x00000000        0x0 c:/program files (x86)/atmel/studio/7.0/toolchain/avr8/avr8-gnu-toolchain/bin/../lib/gcc/avr/5.4.0/avr5\libgcc.a(_copy_data.o)
 .text.libgcc.div
                0x00000000        0x0 c:/program files (x86)/atmel/studio/7.0/toolchain/avr8/avr8-gnu-toolchain/bin/../lib/gcc/avr/5.4.0/avr5\libgcc.a(_copy_data.o)
 .text.libgcc   0x00000000        0x0 c:/program files (x86)/atmel/studio/7.0/toolchain/avr8/avr8-gnu-toolchain/bin/../lib/gcc/avr/5.4.0/avr5\libgcc.a(_copy_data.o)
 .text.libgcc.prologue
                0x00000000        0x0 c:/program files (x86)/atmel/studio/7.0/toolchain/avr8/avr8-gnu-toolchain/bin/../lib/gcc/avr/5.4.0/avr5\libgcc.a(_copy_data.o)
 .text.libgcc.builtins
                0x00000000        0x0 c:/program files (x86)/atmel/studio/7.0/toolchain/avr8/avr8-gnu-toolchain/bin/../lib/gcc/avr/5.4.0/avr5\libgcc.a(_copy_data.o)
 .text.libgcc.fmul
                0x00000000        0x0 c:/program files (x86)/atmel/studio/7.0/toolchain/avr8/avr8-gnu-toolchain/bin/../lib/gcc/avr/5.4.0/avr5\libgcc.a(_copy_data.o)
 .text.libgcc.fixed
                0x00000000        0x0 c:/program files (x86)/atmel/studio/7.0/toolchain/avr8/avr8-gnu-toolchain/bin/../lib/gcc/avr/5.4.0/avr5\libgcc.a(_copy_data.o)
 .text          0x00000000        0x0 c:/program files (x86)/atmel/studio/7.0/toolchain/avr8/avr8-gnu-toolchain/bin/../lib/gcc/avr/5.4.0/avr5\libgcc.a(_clear_bss.o)
 .data          0x00000000        0x0 c:/program files (x86)/atmel/studio/7.0/toolchain/avr8/avr8-gnu-toolchain/bin/../lib/gcc/avr/5.4.0/avr5\libgcc.a(_clear_bss.o)
 .bss           0x00000000        0x0 c:/program files (x86)/atmel/studio/7.0/toolchain/avr8/avr8-gnu-toolchain/bin/../lib/gcc/avr/5.4.0/avr5\libgcc.a(_clear_bss.o)
 .text.libgcc.mul
                0x00000000        0x0 c:/program files (x86)/atmel/studio/7.0/toolchain/avr8/avr8-gnu-toolchain/bin/../lib/gcc/avr/5.4.0/avr5\libgcc.a(_clear_bss.o)
 .text.libgcc.div
                0x00000000        0x0 c:/program files (x86)/atmel/studio/7.0/toolchain/avr8/avr8-gnu-toolchain/bin/../lib/gcc/avr/5.4.0/avr5\libgcc.a(_clear_bss.o)
 .text.libgcc   0x00000000        0x0 c:/program files (x86)/atmel/studio/7.0/toolchain/avr8/avr8-gnu-toolchain/bin/../lib/gcc/avr/5.4.0/avr5\libgcc.a(_clear_bss.o)
 .text.libgcc.prologue
                0x00000000        0x0 c:/program files (x86)/atmel/studio/7.0/toolchain/avr8/avr8-gnu-toolchain/bin/../lib/gcc/avr/5.4.0/avr5\libgcc.a(_clear_bss.o)
 .text.libgcc.builtins
                0x00000000        0x0 c:/program files (x86)/atmel/studio/7.0/toolchain/avr8/avr8-gnu-toolchain/bin/../lib/gcc/avr/5.4.0/avr5\libgcc.a(_clear_bss.o)
 .text.libgcc.fmul
                0x00000000        0x0 c:/program files (x86)/atmel/studio/7.0/toolchain/avr8/avr8-gnu-toolchain/bin/../lib/gcc/avr/5.4.0/avr5\libgcc.a(_clear_bss.o)
 .text.libgcc.fixed
                0x00000000        0x0 c:/program files (x86)/atmel/studio/7.0/toolchain/avr8/avr8-gnu-toolchain/bin/../lib/gcc/avr/5.4.0/avr5\libgcc.a(_clear_bss.o)
 .text          0x00000000        0x0 c:/program files (x86)/atmel/studio/7.0/toolchain/avr8/avr8-gnu-toolchain/bin/../lib/gcc/avr/5.4.0/../../../../avr/lib/avr5\libc.a(memcpy.o)
 .data          0x00000000        0x0 c:/program files (x86)/atmel/studio/7.0/toolchain/avr8/avr8-gnu-toolchain/bin/../lib/gcc/avr/5.4.0/../../../../avr/lib/avr5\libc.a(memcpy.o)
 .bss           0x00000000        0x0 c:/program files (x86)/atmel/studio/7.0/toolchain/avr8/avr8-gnu-toolchain/bin/../lib/gcc/avr/5.4.0/../../../../avr/lib/avr5\libc.a(memcpy.o)
 .text          0x00000000        0x0 c:/program files (x86)/atmel/studio/7.0/toolchain/avr8/avr8-gnu-toolchain/bin/../lib/gcc/avr/5.4.0/../../../../avr/lib/avr5\libc.a(sprintf.o)
 .data          0x00000000        0x0 c:/program files (x86)/atmel/studio/7.0/toolchain/avr8/avr8-gnu-toolchain/bin/../lib/gcc/avr/5.4.0/../../../../avr/lib/avr5\libc.a(sprintf.o)
 .bss           0x00000000        0x0 c:/program files (x86)/atmel/studio/7.0/toolchain/avr8/avr8-gnu-toolchain/bin/../lib/gcc/avr/5.4.0/../../../../avr/lib/avr5\libc.a(sprintf.o)
 .text          0x00000000        0x0 c:/program files (x86)/atmel/studio/7.0/toolchain/avr8/avr8-gnu-toolchain/bin/../lib/gcc/avr/5.4.0/../../../../avr/lib/avr5\libc.a(vfprintf_std.o)
 .data          0x00000000        0x0 c:/program files (x86)/atmel/studio/7.0/toolchain/avr8/avr8-gnu-toolchain/bin/../lib/gcc/avr/5.4.0/../../../../avr/lib/avr5\libc.a(vfprintf_std.o)
 .bss           0x00000000        0x0 c:/program files (x86)/atmel/studio/7.0/toolchain/avr8/avr8-gnu-toolchain/bin/../lib/gcc/avr/5.4.0/../../../../avr/lib/avr5\libc.a(vfprintf_std.o)
 .text          0x00000000        0x0 c:/program files (x86)/atmel/studio/7.0/toolchain/avr8/avr8-gnu-toolchain/bin/../lib/gcc/avr/5.4.0/../../../../avr/lib/avr5\libc.a(strnlen_P.o)
 .data          0x00000000        0x0 c:/program files (x86)/atmel/studio/7.0/toolchain/avr8/avr8-gnu-toolchain/bin/../lib/gcc/avr/5.4.0/../../../../avr/lib/avr5\libc.a(strnlen_P.o)
 .bss           0x00000000        0x0 c:/program files (x86)/atmel/studio/7.0/toolchain/avr8/avr8-gnu-toolchain/bin/../lib/gcc/avr/5.4.0/../../../../avr/lib/avr5\libc.a(strnlen_P.o)
 .text          0x00000000        0x0 c:/program files (x86)/atmel/studio/7.0/toolchain/avr8/avr8-gnu-toolchain/bin/../lib/gcc/avr/5.4.0/../../../../avr/lib/avr5\libc.a(strnlen.o)
 .data          0x00000000        0x0 c:/program files (x86)/atmel/studio/7.0/toolchain/avr8/avr8-gnu-toolchain/bin/../lib/gcc/avr/5.4.0/../../../../avr/lib/avr5\libc.a(strnlen.o)
 .bss           0x00000000        0x0 c:/program files (x86)/atmel/studio/7.0/toolchain/avr8/avr8-gnu-toolchain/bin/../lib/gcc/avr/5.4.0/../../../../avr/lib/avr5\libc.a(strnlen.o)
 .text          0x00000000        0x0 c:/program files (x86)/atmel/studio/7.0/toolchain/avr8/avr8-gnu-toolchain/bin/../lib/gcc/avr/5.4.0/../../../../avr/lib/avr5\libc.a(fputc.o)
 .data          0x00000000        0x0 c:/program files (x86)/atmel/studio/7.0/toolchain/avr8/avr8-gnu-toolchain/bin/../lib/gcc/avr/5.4.0/../../../../avr/lib/avr5\libc.a(fputc.o)
 .bss           0x00000000        0x0 c:/program files (x86)/atmel/studio/7.0/toolchain/avr8/avr8-gnu-toolchain/bin/../lib/gcc/avr/5.4.0/../../../../avr/lib/avr5\libc.a(fputc.o)
 .text          0x00000000        0x0 c:/program files (x86)/atmel/studio/7.0/toolchain/avr8/avr8-gnu-toolchain/bin/../lib/gcc/avr/5.4.0/../../../../avr/lib/avr5\libc.a(ultoa_invert.o)
 .data          0x00000000        0x0 c:/program files (x86)/atmel/studio/7.0/toolchain/avr8/avr8-gnu-toolchain/bin/../lib/gcc/avr/5.4.0/../../../../avr/lib/avr5\libc.a(ultoa_invert.o)
 .bss           0x00000000        0x0 c:/program files (x86)/atmel/studio/7.0/toolchain/avr8/avr8-gnu-toolchain/bin/../lib/gcc/avr/5.4.0/../../../../avr/lib/avr5\libc.a(ultoa_invert.o)
 .text          0x00000000        0x0 c:/program files (x86)/atmel/studio/7.0/toolchain/avr8/avr8-gnu-toolchain/bin/../lib/gcc/avr/5.4.0/avr5\libgcc.a(_prologue.o)
 .data          0x00000000        0x0 c:/program files (x86)/atmel/studio/7.0/toolchain/avr8/avr8-gnu-toolchain/bin/../lib/gcc/avr/5.4.0/avr5\libgcc.a(_prologue.o)
 .bss           0x00000000        0x0 c:/program files (x86)/atmel/studio/7.0/toolchain/avr8/avr8-gnu-toolchain/bin/../lib/gcc/avr/5.4.0/avr5\libgcc.a(_prologue.o)
 .text.libgcc.mul
                0x00000000        0x0 c:/program files (x86)/atmel/studio/7.0/toolchain/avr8/avr8-gnu-toolchain/bin/../lib/gcc/avr/5.4.0/avr5\libgcc.a(_prologue.o)
 .text.libgcc.div
                0x00000000        0x0 c:/program files (x86)/atmel/studio/7.0/toolchain/avr8/avr8-gnu-toolchain/bin/../lib/gcc/avr/5.4.0/avr5\libgcc.a(_prologue.o)
 .text.libgcc   0x00000000        0x0 c:/program files (x86)/atmel/studio/7.0/toolchain/avr8/avr8-gnu-toolchain/bin/../lib/gcc/avr/5.4.0/avr5\libgcc.a(_prologue.o)
 .text.libgcc.builtins
                0x00000000        0x0 c:/program files (x86)/atmel/studio/7.0/toolchain/avr8/avr8-gnu-toolchain/bin/../lib/gcc/avr/5.4.0/avr5\libgcc.a(_prologue.o)
 .text.libgcc.fmul
                0x00000000        0x0 c:/program files (x86)/atmel/studio/7.0/toolchain/avr8/avr8-gnu-toolchain/bin/../lib/gcc/avr/5.4.0/avr5\libgcc.a(_prologue.o)
 .text.libgcc.fixed
                0x00000000        0x0 c:/program files (x86)/atmel/studio/7.0/toolchain/avr8/avr8-gnu-toolchain/bin/../lib/gcc/avr/5.4.0/avr5\libgcc.a(_prologue.o)
 .text          0x00000000        0x0 c:/program files (x86)/atmel/studio/7.0/toolchain/avr8/avr8-gnu-toolchain/bin/../lib/gcc/avr/5.4.0/avr5\libgcc.a(_epilogue.o)
 .data          0x00000000        0x0 c:/program files (x86)/atmel/studio/7.0/toolchain/avr8/avr8-gnu-toolchain/bin/../lib/gcc/avr/5.4.0/avr5\libgcc.a(_epilogue.o)
 .bss           0x00000000        0x0 c:/program files (x86)/atmel/studio/7.0/toolchain/avr8/avr8-gnu-toolchain/bin/../lib/gcc/avr/5.4.0/avr5\libgcc.a(_epilogue.o)
 .text.libgcc.mul
                0x00000000        0x0 c:/program files (x86)/atmel/studio/7.0/toolchain/avr8/avr8-gnu-toolchain/bin/../lib/gcc/avr/5.4.0/avr5\libgcc.a(_epilogue.o)
 .text.libgcc.div
                0x00000000        0x0 c:/program files (x86)/atmel/studio/7.0/toolchain/avr8/avr8-gnu-toolchain/bin/../lib/gcc/avr/5.4.0/avr5\libgcc.a(_epilogue.o)
 .text.libgcc   0x00000000        0x0 c:/program files (x86)/atmel/studio/7.0/toolchain/avr8/avr8-gnu-toolchain/bin/../lib/gcc/avr/5.4.0/avr5\libgcc.a(_epilogue.o)
 .text.libgcc.builtins
                0x00000000        0x0 c:/program files (x86)/atmel/studio/7.0/toolchain/avr8/avr8-gnu-toolchain/bin/../lib/gcc/avr/5.4.0/avr5\libgcc.a(_epilogue.o)
 .text.libgcc.fmul
                0x00000000        0x0 c:/program files (x86)/atmel/studio/7.0/toolchain/avr8/avr8-gnu-toolchain/bin/../lib/gcc/avr/5.4.0/avr5\libgcc.a(_epilogue.o)
 .text.libgcc.fixed
                0x00000000        0x0 c:/program files (x86)/atmel/studio/7.0/toolchain/avr8/avr8-gnu-toolchain/bin/../lib/gcc/avr/5.4.0/avr5\libgcc.a(_epilogue.o)

Memory Configuration

Name             Origin             Length             Attributes
text             0x00000000         0x00008000         xr
data             0x00800060         0x00000800         rw !x
eeprom           0x00810000         0x00000400         rw !x
fuse             0x00820000         0x00000002         rw !x
lock             0x00830000         0x00000400         rw !x
signature        0x00840000         0x00000400         rw !x
user_signatures  0x00850000         0x00000400         rw !x
*default*        0x00000000         0xffffffff

Linker script and memory map

LOAD C:/Program Files (x86)/Atmel/Studio/7.0/Packs/atmel/ATmega_DFP/1.6.364/gcc/dev/atmega32/avr5/crtatmega32.o
LOAD FreeRTOS/Source/croutine.o
LOAD FreeRTOS/Source/event_groups.o
LOAD FreeRTOS/Source/list.o
LOAD FreeRTOS/Source/portable/GCC/ATMega323/port.o
LOAD FreeRTOS/Source/portable/MemMang/heap_4.o
LOAD FreeRTOS/Source/queue.o
LOAD FreeRTOS/Source/stream_buffer.o
LOAD FreeRTOS/Source/tasks.o
LOAD inc/timers.o
LOAD main.o
START GROUP
LOAD c:/program files (x86)/atmel/studio/7.0/toolchain/avr8/avr8-gnu-toolchain/bin/../lib/gcc/avr/5.4.0/../../../../avr/lib/avr5\libm.a
END GROUP
START GROUP
LOAD c:/program files (x86)/atmel/studio/7.0/toolchain/avr8/avr8-gnu-toolchain/bin/../lib/gcc/avr/5.4.0/avr5\libgcc.a
LOAD c:/program files (x86)/atmel/studio/7.0/toolchain/avr8/avr8-gnu-toolchain/bin/../lib/gcc/avr/5.4.0/../../../../avr/lib/avr5\libm.a
LOAD c:/program files (x86)/atmel/studio/7.0/toolchain/avr8/avr8-gnu-toolchain/bin/../lib/gcc/avr/5.4.0/../../../../avr/lib/avr5\libc.a
LOAD C:/Program Files (x86)/Atmel/Studio/7.0/Packs/atmel/ATmega_DFP/1.6.364/gcc/dev/atmega32/avr5\libatmega32.a
END GROUP
                0x00000000                __TEXT_REGION_ORIGIN__ = DEFINED (__TEXT_REGION_ORIGIN__)?__TEXT_REGION_ORIGIN__:0x0
                [0x00800060]                __DATA_REGION_ORIGIN__ = DEFINED (__DATA_REGION_ORIGIN__)?__DATA_REGION_ORIGIN__:0x800060
                [0x00008000]                __TEXT_REGION_LENGTH__ = DEFINED (__TEXT_REGION_LENGTH__)?__TEXT_REGION_LENGTH__:0x20000
                [0x00000800]                __DATA_REGION_LENGTH__ = DEFINED (__DATA_REGION_LENGTH__)?__DATA_REGION_LENGTH__:0xffa0
                [0x00000400]                __EEPROM_REGION_LENGTH__ = DEFINED (__EEPROM_REGION_LENGTH__)?__EEPROM_REGION_LENGTH__:0x10000
                [0x00000002]                __FUSE_REGION_LENGTH__ = DEFINED (__FUSE_REGION_LENGTH__)?__FUSE_REGION_LENGTH__:0x400
                0x00000400                __LOCK_REGION_LENGTH__ = DEFINED (__LOCK_REGION_LENGTH__)?__LOCK_REGION_LENGTH__:0x400
                0x00000400                __SIGNATURE_REGION_LENGTH__ = DEFINED (__SIGNATURE_REGION_LENGTH__)?__SIGNATURE_REGION_LENGTH__:0x400
                0x00000400                __USER_SIGNATURE_REGION_LENGTH__ = DEFINED (__USER_SIGNATURE_REGION_LENGTH__)?__USER_SIGNATURE_REGION_LENGTH__:0x400

.hash
 *(.hash)

.dynsym
 *(.dynsym)

.dynstr
 *(.dynstr)

.gnu.version
 *(.gnu.version)

.gnu.version_d
 *(.gnu.version_d)

.gnu.version_r
 *(.gnu.version_r)

.rel.init
 *(.rel.init)

.rela.init
 *(.rela.init)

.rel.text
 *(.rel.text)
 *(.rel.text.*)
 *(.rel.gnu.linkonce.t*)

.rela.text
 *(.rela.text)
 *(.rela.text.*)
 *(.rela.gnu.linkonce.t*)

.rel.fini
 *(.rel.fini)

.rela.fini
 *(.rela.fini)

.rel.rodata
 *(.rel.rodata)
 *(.rel.rodata.*)
 *(.rel.gnu.linkonce.r*)

.rela.rodata
 *(.rela.rodata)
 *(.rela.rodata.*)
 *(.rela.gnu.linkonce.r*)

.rel.data
 *(.rel.data)
 *(.rel.data.*)
 *(.rel.gnu.linkonce.d*)

.rela.data
 *(.rela.data)
 *(.rela.data.*)
 *(.rela.gnu.linkonce.d*)

.rel.ctors
 *(.rel.ctors)

.rela.ctors
 *(.rela.ctors)

.rel.dtors
 *(.rel.dtors)

.rela.dtors
 *(.rela.dtors)

.rel.got
 *(.rel.got)

.rela.got
 *(.rela.got)

.rel.bss
 *(.rel.bss)

.rela.bss
 *(.rela.bss)

.rel.plt
 *(.rel.plt)

.rela.plt
 *(.rela.plt)

.text           0x00000000     0x1ff2
 *(.vectors)
 .vectors       0x00000000       0x54 C:/Program Files (x86)/Atmel/Studio/7.0/Packs/atmel/ATmega_DFP/1.6.364/gcc/dev/atmega32/avr5/crtatmega32.o
                0x00000000                __vector_default
                0x00000000                __vectors
 *(.vectors)
 *(.progmem.gcc*)
 .progmem.gcc_sw_table.prvTimerTask
                0x00000054       0x14 inc/timers.o
                0x00000068                . = ALIGN (0x2)
                0x00000068                __trampolines_start = .
 *(.trampolines)
 .trampolines   0x00000068        0x0 linker stubs
 *(.trampolines*)
                0x00000068                __trampolines_end = .
 *libprintf_flt.a:*(.progmem.data)
 *libc.a:*(.progmem.data)
 *(.progmem*)
                0x00000068                . = ALIGN (0x2)
 *(.jumptables)
 *(.jumptables*)
 *(.lowtext)
 *(.lowtext*)
                0x00000068                __ctors_start = .
 *(.ctors)
                0x00000068                __ctors_end = .
                0x00000068                __dtors_start = .
 *(.dtors)
                0x00000068                __dtors_end = .
 SORT(*)(.ctors)
 SORT(*)(.dtors)
 *(.init0)
 .init0         0x00000068        0x0 C:/Program Files (x86)/Atmel/Studio/7.0/Packs/atmel/ATmega_DFP/1.6.364/gcc/dev/atmega32/avr5/crtatmega32.o
                0x00000068                __init
 *(.init0)
 *(.init1)
 *(.init1)
 *(.init2)
 .init2         0x00000068        0xc C:/Program Files (x86)/Atmel/Studio/7.0/Packs/atmel/ATmega_DFP/1.6.364/gcc/dev/atmega32/avr5/crtatmega32.o
 *(.init2)
 *(.init3)
 *(.init3)
 *(.init4)
 .init4         0x00000074       0x16 c:/program files (x86)/atmel/studio/7.0/toolchain/avr8/avr8-gnu-toolchain/bin/../lib/gcc/avr/5.4.0/avr5\libgcc.a(_copy_data.o)
                0x00000074                __do_copy_data
 .init4         0x0000008a       0x10 c:/program files (x86)/atmel/studio/7.0/toolchain/avr8/avr8-gnu-toolchain/bin/../lib/gcc/avr/5.4.0/avr5\libgcc.a(_clear_bss.o)
                0x0000008a                __do_clear_bss
 *(.init4)
 *(.init5)
 *(.init5)
 *(.init6)
 *(.init6)
 *(.init7)
 *(.init7)
 *(.init8)
 *(.init8)
 *(.init9)
 .init9         0x0000009a        0x8 C:/Program Files (x86)/Atmel/Studio/7.0/Packs/atmel/ATmega_DFP/1.6.364/gcc/dev/atmega32/avr5/crtatmega32.o
 *(.init9)
 *(.text)
 .text          0x000000a2        0x2 C:/Program Files (x86)/Atmel/Studio/7.0/Packs/atmel/ATmega_DFP/1.6.364/gcc/dev/atmega32/avr5/crtatmega32.o
                0x000000a2                __vector_1
                0x000000a2                __vector_12
                0x000000a2                __bad_interrupt
                0x000000a2                __vector_6
                0x000000a2                __vector_3
                0x000000a2                __vector_11
                0x000000a2                __vector_17
                0x000000a2                __vector_19
                0x000000a2                __vector_5
                0x000000a2                __vector_4
                0x000000a2                __vector_9
                0x000000a2                __vector_2
                0x000000a2                __vector_15
                0x000000a2                __vector_8
                0x000000a2                __vector_14
                0x000000a2                __vector_10
                0x000000a2                __vector_16
                0x000000a2                __vector_18
                0x000000a2                __vector_20
                0x000000a4                . = ALIGN (0x2)
 *(.text.*)
 .text.vListInitialise
                0x000000a4       0x1c FreeRTOS/Source/list.o
                0x000000a4                vListInitialise
 .text.vListInitialiseItem
                0x000000c0        0x8 FreeRTOS/Source/list.o
                0x000000c0                vListInitialiseItem
 .text.vListInsertEnd
                0x000000c8       0x42 FreeRTOS/Source/list.o
                0x000000c8                vListInsertEnd
 .text.vListInsert
                0x0000010a       0x62 FreeRTOS/Source/list.o
                0x0000010a                vListInsert
 .text.uxListRemove
                0x0000016c       0x4e FreeRTOS/Source/list.o
                0x0000016c                uxListRemove
 .text.pxPortInitialiseStack
                0x000001ba       0xd8 FreeRTOS/Source/portable/GCC/ATMega323/port.o
                0x000001ba                pxPortInitialiseStack
 .text.xPortStartScheduler
                0x00000292       0x6a FreeRTOS/Source/portable/GCC/ATMega323/port.o
                0x00000292                xPortStartScheduler
 .text.vPortYield
                0x000002fc       0xb0 FreeRTOS/Source/portable/GCC/ATMega323/port.o
                0x000002fc                vPortYield
 .text.__vector_7
                0x000003ac       0x46 FreeRTOS/Source/portable/GCC/ATMega323/port.o
                0x000003ac                __vector_7
 .text.prvInsertBlockIntoFreeList
                0x000003f2       0x9a FreeRTOS/Source/portable/MemMang/heap_4.o
 .text.pvPortMalloc
                0x0000048c      0x194 FreeRTOS/Source/portable/MemMang/heap_4.o
                0x0000048c                pvPortMalloc
 .text.vPortFree
                0x00000620       0x70 FreeRTOS/Source/portable/MemMang/heap_4.o
                0x00000620                vPortFree
 .text.prvIsQueueEmpty
                0x00000690       0x16 FreeRTOS/Source/queue.o
 .text.prvCopyDataToQueue
                0x000006a6       0x92 FreeRTOS/Source/queue.o
 .text.prvCopyDataFromQueue
                0x00000738       0x34 FreeRTOS/Source/queue.o
 .text.prvUnlockQueue
                0x0000076c       0x92 FreeRTOS/Source/queue.o
 .text.xQueueGenericReset
                0x000007fe       0x7e FreeRTOS/Source/queue.o
                0x000007fe                xQueueGenericReset
 .text.xQueueGenericCreate
                0x0000087c       0x42 FreeRTOS/Source/queue.o
                0x0000087c                xQueueGenericCreate
 .text.xQueueGenericSend
                0x000008be      0x118 FreeRTOS/Source/queue.o
                0x000008be                xQueueGenericSend
 .text.xQueueGenericSendFromISR
                0x000009d6       0x74 FreeRTOS/Source/queue.o
                0x000009d6                xQueueGenericSendFromISR
 .text.xQueueReceive
                0x00000a4a      0x10e FreeRTOS/Source/queue.o
                0x00000a4a                xQueueReceive
 .text.vQueueWaitForMessageRestricted
                0x00000b58       0x36 FreeRTOS/Source/queue.o
                0x00000b58                vQueueWaitForMessageRestricted
 .text.prvResetNextTaskUnblockTime
                0x00000b8e       0x38 FreeRTOS/Source/tasks.o
 .text.prvAddCurrentTaskToDelayedList
                0x00000bc6       0xa8 FreeRTOS/Source/tasks.o
 .text.prvIdleTask
                0x00000c6e       0x56 FreeRTOS/Source/tasks.o
 .text.xTaskCreate
                0x00000cc4      0x1fa FreeRTOS/Source/tasks.o
                0x00000cc4                xTaskCreate
 .text.vTaskStartScheduler
                0x00000ebe       0x5a FreeRTOS/Source/tasks.o
                0x00000ebe                vTaskStartScheduler
 .text.vTaskSuspendAll
                0x00000f18        0xc FreeRTOS/Source/tasks.o
                0x00000f18                vTaskSuspendAll
 .text.xTaskGetTickCount
                0x00000f24       0x14 FreeRTOS/Source/tasks.o
                0x00000f24                xTaskGetTickCount
 .text.xTaskIncrementTick
                0x00000f38      0x140 FreeRTOS/Source/tasks.o
                0x00000f38                xTaskIncrementTick
 .text.xTaskResumeAll
                0x00001078       0xee FreeRTOS/Source/tasks.o
                0x00001078                xTaskResumeAll
 .text.vTaskSwitchContext
                0x00001166       0xcc FreeRTOS/Source/tasks.o
                0x00001166                vTaskSwitchContext
 .text.vTaskPlaceOnEventList
                0x00001232       0x22 FreeRTOS/Source/tasks.o
                0x00001232                vTaskPlaceOnEventList
 .text.vTaskPlaceOnEventListRestricted
                0x00001254       0x30 FreeRTOS/Source/tasks.o
                0x00001254                vTaskPlaceOnEventListRestricted
 .text.xTaskRemoveFromEventList
                0x00001284       0x90 FreeRTOS/Source/tasks.o
                0x00001284                xTaskRemoveFromEventList
 .text.vTaskInternalSetTimeOutState
                0x00001314       0x16 FreeRTOS/Source/tasks.o
                0x00001314                vTaskInternalSetTimeOutState
 .text.xTaskCheckForTimeOut
                0x0000132a       0x70 FreeRTOS/Source/tasks.o
                0x0000132a                xTaskCheckForTimeOut
 .text.vTaskMissedYield
                0x0000139a        0x8 FreeRTOS/Source/tasks.o
                0x0000139a                vTaskMissedYield
 .text.xTaskGetSchedulerState
                0x000013a2       0x1c FreeRTOS/Source/tasks.o
                0x000013a2                xTaskGetSchedulerState
 .text.prvInsertTimerInActiveList
                0x000013be       0x5e inc/timers.o
 .text.prvCheckForValidListAndQueue
                0x0000141c       0x50 inc/timers.o
 .text.xTimerCreateTimerTask
                0x0000146c       0x40 inc/timers.o
                0x0000146c                xTimerCreateTimerTask
 .text.xTimerCreate
                0x000014ac       0x6c inc/timers.o
                0x000014ac                xTimerCreate
 .text.xTimerGenericCommand
                0x00001518       0x88 inc/timers.o
                0x00001518                xTimerGenericCommand
 .text.prvSampleTimeNow
                0x000015a0       0xdc inc/timers.o
 .text.prvTimerTask
                0x0000167c      0x1f2 inc/timers.o
 .text.DISPLAY  0x0000186e       0x16 main.o
                0x0000186e                DISPLAY
 .text.usart_init
                0x00001884        0xe main.o
                0x00001884                usart_init
 .text.usart_send
                0x00001892       0x18 main.o
                0x00001892                usart_send
 .text.ACommonTimerCallback
                0x000018aa       0xaa main.o
                0x000018aa                ACommonTimerCallback
 .text.__vector_13
                0x00001954       0x4a main.o
                0x00001954                __vector_13
 .text.vApplicationIdleHook
                0x0000199e        0x2 main.o
                0x0000199e                vApplicationIdleHook
 .text.main     0x000019a0       0x80 main.o
                0x000019a0                main
 .text.libgcc   0x00001a20        0xc c:/program files (x86)/atmel/studio/7.0/toolchain/avr8/avr8-gnu-toolchain/bin/../lib/gcc/avr/5.4.0/avr5\libgcc.a(_tablejump2.o)
                0x00001a20                __tablejump2__
 .text.avr-libc
                0x00001a2c       0x12 c:/program files (x86)/atmel/studio/7.0/toolchain/avr8/avr8-gnu-toolchain/bin/../lib/gcc/avr/5.4.0/../../../../avr/lib/avr5\libc.a(memcpy.o)
                0x00001a2c                memcpy
 .text.avr-libc
                0x00001a3e       0x3e c:/program files (x86)/atmel/studio/7.0/toolchain/avr8/avr8-gnu-toolchain/bin/../lib/gcc/avr/5.4.0/../../../../avr/lib/avr5\libc.a(sprintf.o)
                0x00001a3e                sprintf
 .text.avr-libc
                0x00001a7c      0x3a4 c:/program files (x86)/atmel/studio/7.0/toolchain/avr8/avr8-gnu-toolchain/bin/../lib/gcc/avr/5.4.0/../../../../avr/lib/avr5\libc.a(vfprintf_std.o)
                0x00001a7c                vfprintf
 .text.avr-libc
                0x00001e20       0x16 c:/program files (x86)/atmel/studio/7.0/toolchain/avr8/avr8-gnu-toolchain/bin/../lib/gcc/avr/5.4.0/../../../../avr/lib/avr5\libc.a(strnlen_P.o)
                0x00001e20                strnlen_P
 .text.avr-libc
                0x00001e36       0x16 c:/program files (x86)/atmel/studio/7.0/toolchain/avr8/avr8-gnu-toolchain/bin/../lib/gcc/avr/5.4.0/../../../../avr/lib/avr5\libc.a(strnlen.o)
                0x00001e36                strnlen
 .text.avr-libc
                0x00001e4c       0x78 c:/program files (x86)/atmel/studio/7.0/toolchain/avr8/avr8-gnu-toolchain/bin/../lib/gcc/avr/5.4.0/../../../../avr/lib/avr5\libc.a(fputc.o)
                0x00001e4c                fputc
 .text.avr-libc
                0x00001ec4       0xbc c:/program files (x86)/atmel/studio/7.0/toolchain/avr8/avr8-gnu-toolchain/bin/../lib/gcc/avr/5.4.0/../../../../avr/lib/avr5\libc.a(ultoa_invert.o)
                0x00001ec4                __ultoa_invert
 .text.libgcc.prologue
                0x00001f80       0x38 c:/program files (x86)/atmel/studio/7.0/toolchain/avr8/avr8-gnu-toolchain/bin/../lib/gcc/avr/5.4.0/avr5\libgcc.a(_prologue.o)
                0x00001f80                __prologue_saves__
 .text.libgcc.prologue
                0x00001fb8       0x36 c:/program files (x86)/atmel/studio/7.0/toolchain/avr8/avr8-gnu-toolchain/bin/../lib/gcc/avr/5.4.0/avr5\libgcc.a(_epilogue.o)
                0x00001fb8                __epilogue_restores__
                0x00001fee                . = ALIGN (0x2)
 *(.fini9)
 .fini9         0x00001fee        0x0 c:/program files (x86)/atmel/studio/7.0/toolchain/avr8/avr8-gnu-toolchain/bin/../lib/gcc/avr/5.4.0/avr5\libgcc.a(_exit.o)
                0x00001fee                _exit
                0x00001fee                exit
 *(.fini9)
 *(.fini8)
 *(.fini8)
 *(.fini7)
 *(.fini7)
 *(.fini6)
 *(.fini6)
 *(.fini5)
 *(.fini5)
 *(.fini4)
 *(.fini4)
 *(.fini3)
 *(.fini3)
 *(.fini2)
 *(.fini2)
 *(.fini1)
 *(.fini1)
 *(.fini0)
 .fini0         0x00001fee        0x4 c:/program files (x86)/atmel/studio/7.0/toolchain/avr8/avr8-gnu-toolchain/bin/../lib/gcc/avr/5.4.0/avr5\libgcc.a(_exit.o)
 *(.fini0)
                0x00001ff2                _etext = .

.data           0x00800060       0x60 load address 0x00001ff2
                0x00800060                PROVIDE (__data_start, .)
 *(.data)
 *(.data*)
 .data.uxTopUsedPriority
                0x00800060        0x1 FreeRTOS/Source/tasks.o
                0x00800060                uxTopUsedPriority
 *(.gnu.linkonce.d*)
 *(.rodata)
 *(.rodata*)
 .rodata.str1.1
                0x00800061        0x5 FreeRTOS/Source/tasks.o
 .rodata.str1.1
                0x00800066        0x8 inc/timers.o
 .rodata.str1.1
                0x0080006e       0x52 main.o
 *(.gnu.linkonce.r*)
                0x008000c0                . = ALIGN (0x2)
                0x008000c0                _edata = .
                0x008000c0                PROVIDE (__data_end, .)

.bss            0x008000c0      0x673
                0x008000c0                PROVIDE (__bss_start, .)
 *(.bss)
 *(.bss*)
 .bss.xBlockAllocatedBit
                0x008000c0        0x2 FreeRTOS/Source/portable/MemMang/heap_4.o
 .bss.xNumberOfSuccessfulFrees
                0x008000c2        0x2 FreeRTOS/Source/portable/MemMang/heap_4.o
 .bss.xNumberOfSuccessfulAllocations
                0x008000c4        0x2 FreeRTOS/Source/portable/MemMang/heap_4.o
 .bss.xMinimumEverFreeBytesRemaining
                0x008000c6        0x2 FreeRTOS/Source/portable/MemMang/heap_4.o
 .bss.xFreeBytesRemaining
                0x008000c8        0x2 FreeRTOS/Source/portable/MemMang/heap_4.o
 .bss.pxEnd     0x008000ca        0x2 FreeRTOS/Source/portable/MemMang/heap_4.o
 .bss.xStart    0x008000cc        0x4 FreeRTOS/Source/portable/MemMang/heap_4.o
 .bss.ucHeap    0x008000d0      0x5dc FreeRTOS/Source/portable/MemMang/heap_4.o
 .bss.uxSchedulerSuspended
                0x008006ac        0x1 FreeRTOS/Source/tasks.o
 .bss.xIdleTaskHandle
                0x008006ad        0x2 FreeRTOS/Source/tasks.o
 .bss.xNextTaskUnblockTime
                0x008006af        0x2 FreeRTOS/Source/tasks.o
 .bss.uxTaskNumber
                0x008006b1        0x1 FreeRTOS/Source/tasks.o
 .bss.xNumOfOverflows
                0x008006b2        0x1 FreeRTOS/Source/tasks.o
 .bss.xYieldPending
                0x008006b3        0x1 FreeRTOS/Source/tasks.o
 .bss.xPendedTicks
                0x008006b4        0x2 FreeRTOS/Source/tasks.o
 .bss.xSchedulerRunning
                0x008006b6        0x1 FreeRTOS/Source/tasks.o
 .bss.uxTopReadyPriority
                0x008006b7        0x1 FreeRTOS/Source/tasks.o
 .bss.xTickCount
                0x008006b8        0x2 FreeRTOS/Source/tasks.o
 .bss.uxCurrentNumberOfTasks
                0x008006ba        0x1 FreeRTOS/Source/tasks.o
 .bss.xSuspendedTaskList
                0x008006bb        0x9 FreeRTOS/Source/tasks.o
 .bss.uxDeletedTasksWaitingCleanUp
                0x008006c4        0x1 FreeRTOS/Source/tasks.o
 .bss.xTasksWaitingTermination
                0x008006c5        0x9 FreeRTOS/Source/tasks.o
 .bss.xPendingReadyList
                0x008006ce        0x9 FreeRTOS/Source/tasks.o
 .bss.pxOverflowDelayedTaskList
                0x008006d7        0x2 FreeRTOS/Source/tasks.o
 .bss.pxDelayedTaskList
                0x008006d9        0x2 FreeRTOS/Source/tasks.o
 .bss.xDelayedTaskList2
                0x008006db        0x9 FreeRTOS/Source/tasks.o
 .bss.xDelayedTaskList1
                0x008006e4        0x9 FreeRTOS/Source/tasks.o
 .bss.pxReadyTasksLists
                0x008006ed       0x24 FreeRTOS/Source/tasks.o
 .bss.pxCurrentTCB
                0x00800711        0x2 FreeRTOS/Source/tasks.o
                0x00800711                pxCurrentTCB
 .bss.xLastTime.2407
                0x00800713        0x2 inc/timers.o
 .bss.xTimerTaskHandle
                0x00800715        0x2 inc/timers.o
 .bss.xTimerQueue
                0x00800717        0x2 inc/timers.o
 .bss.pxOverflowTimerList
                0x00800719        0x2 inc/timers.o
 .bss.pxCurrentTimerList
                0x0080071b        0x2 inc/timers.o
 .bss.xActiveTimerList2
                0x0080071d        0x9 inc/timers.o
 .bss.xActiveTimerList1
                0x00800726        0x9 inc/timers.o
 *(COMMON)
 COMMON         0x0080072f        0x4 main.o
                0x0080072f                xAutoReloadTimer
                0x00800731                xOneShotTimer
                0x00800733                PROVIDE (__bss_end, .)
                0x00001ff2                __data_load_start = LOADADDR (.data)
                0x00002052                __data_load_end = (__data_load_start + SIZEOF (.data))

.noinit         0x00800733        0x0
                [!provide]                PROVIDE (__noinit_start, .)
 *(.noinit*)
                [!provide]                PROVIDE (__noinit_end, .)
                0x00800733                _end = .
                [!provide]                PROVIDE (__heap_start, .)

.eeprom         0x00810000        0x0
 *(.eeprom*)
                0x00810000                __eeprom_end = .

.fuse
 *(.fuse)
 *(.lfuse)
 *(.hfuse)
 *(.efuse)

.lock
 *(.lock*)

.signature
 *(.signature*)

.user_signatures
 *(.user_signatures*)

.stab
 *(.stab)

.stabstr
 *(.stabstr)

.stab.excl
 *(.stab.excl)

.stab.exclstr
 *(.stab.exclstr)

.stab.index
 *(.stab.index)

.stab.indexstr
 *(.stab.indexstr)

.comment        0x00000000       0x5c
 *(.comment)
 .comment       0x00000000       0x30 FreeRTOS/Source/list.o
                                 0x31 (size before relaxing)
 .comment       0x00000030       0x31 FreeRTOS/Source/portable/GCC/ATMega323/port.o
 .comment       0x00000030       0x31 FreeRTOS/Source/portable/MemMang/heap_4.o
 .comment       0x00000030       0x31 FreeRTOS/Source/queue.o
 .comment       0x00000030       0x31 FreeRTOS/Source/tasks.o
 .comment       0x00000030       0x31 inc/timers.o
 .comment       0x00000030       0x31 main.o
 .comment       0x00000030       0x31 c:/program files (x86)/atmel/studio/7.0/toolchain/avr8/avr8-gnu-toolchain/bin/../lib/gcc/avr/5.4.0/../../../../avr/lib/avr5\libc.a(sprintf.o)
 .comment       0x00000030       0x2c c:/program files (x86)/atmel/studio/7.0/toolchain/avr8/avr8-gnu-toolchain/bin/../lib/gcc/avr/5.4.0/../../../../avr/lib/avr5\libc.a(vfprintf_std.o)
                                 0x2d (size before relaxing)
 .comment       0x0000005c       0x31 c:/program files (x86)/atmel/studio/7.0/toolchain/avr8/avr8-gnu-toolchain/bin/../lib/gcc/avr/5.4.0/../../../../avr/lib/avr5\libc.a(fputc.o)

.note.gnu.avr.deviceinfo
                0x00000000       0x3c
 .note.gnu.avr.deviceinfo
                0x00000000       0x3c C:/Program Files (x86)/Atmel/Studio/7.0/Packs/atmel/ATmega_DFP/1.6.364/gcc/dev/atmega32/avr5/crtatmega32.o

.note.gnu.build-id
 *(.note.gnu.build-id)

.debug
 *(.debug)

.line
 *(.line)

.debug_srcinfo
 *(.debug_srcinfo)

.debug_sfnames
 *(.debug_sfnames)

.debug_aranges  0x00000000      0x418
 *(.debug_aranges)
 .debug_aranges
                0x00000000       0x40 FreeRTOS/Source/list.o
 .debug_aranges
                0x00000040       0x48 FreeRTOS/Source/portable/GCC/ATMega323/port.o
 .debug_aranges
                0x00000088       0x50 FreeRTOS/Source/portable/MemMang/heap_4.o
 .debug_aranges
                0x000000d8       0xe0 FreeRTOS/Source/queue.o
 .debug_aranges
                0x000001b8      0x168 FreeRTOS/Source/tasks.o
 .debug_aranges
                0x00000320       0x98 inc/timers.o
 .debug_aranges
                0x000003b8       0x60 main.o

.debug_pubnames
 *(.debug_pubnames)

.debug_info     0x00000000     0x5ac6
 *(.debug_info .gnu.linkonce.wi.*)
 .debug_info    0x00000000      0x4e6 C:/Program Files (x86)/Atmel/Studio/7.0/Packs/atmel/ATmega_DFP/1.6.364/gcc/dev/atmega32/avr5/crtatmega32.o
 .debug_info    0x000004e6      0x2dc FreeRTOS/Source/list.o
 .debug_info    0x000007c2      0x267 FreeRTOS/Source/portable/GCC/ATMega323/port.o
 .debug_info    0x00000a29      0x4ce FreeRTOS/Source/portable/MemMang/heap_4.o
 .debug_info    0x00000ef7     0x17d5 FreeRTOS/Source/queue.o
 .debug_info    0x000026cc     0x1ec7 FreeRTOS/Source/tasks.o
 .debug_info    0x00004593     0x104d inc/timers.o
 .debug_info    0x000055e0      0x4e6 main.o

.debug_abbrev   0x00000000     0x13e7
 *(.debug_abbrev)
 .debug_abbrev  0x00000000      0x4a3 C:/Program Files (x86)/Atmel/Studio/7.0/Packs/atmel/ATmega_DFP/1.6.364/gcc/dev/atmega32/avr5/crtatmega32.o
 .debug_abbrev  0x000004a3      0x102 FreeRTOS/Source/list.o
 .debug_abbrev  0x000005a5      0x172 FreeRTOS/Source/portable/GCC/ATMega323/port.o
 .debug_abbrev  0x00000717      0x1f9 FreeRTOS/Source/portable/MemMang/heap_4.o
 .debug_abbrev  0x00000910      0x2a1 FreeRTOS/Source/queue.o
 .debug_abbrev  0x00000bb1      0x33b FreeRTOS/Source/tasks.o
 .debug_abbrev  0x00000eec      0x312 inc/timers.o
 .debug_abbrev  0x000011fe      0x1e9 main.o

.debug_line     0x00000000     0x3da5
 *(.debug_line .debug_line.* .debug_line_end)
 .debug_line    0x00000000      0x116 C:/Program Files (x86)/Atmel/Studio/7.0/Packs/atmel/ATmega_DFP/1.6.364/gcc/dev/atmega32/avr5/crtatmega32.o
 .debug_line    0x00000116      0x435 FreeRTOS/Source/list.o
 .debug_line    0x0000054b      0x4e6 FreeRTOS/Source/portable/GCC/ATMega323/port.o
 .debug_line    0x00000a31      0x5c5 FreeRTOS/Source/portable/MemMang/heap_4.o
 .debug_line    0x00000ff6      0xdf6 FreeRTOS/Source/queue.o
 .debug_line    0x00001dec     0x127c FreeRTOS/Source/tasks.o
 .debug_line    0x00003068      0x790 inc/timers.o
 .debug_line    0x000037f8      0x5ad main.o

.debug_frame    0x00000000      0xdec
 *(.debug_frame)
 .debug_frame   0x00000000       0x88 FreeRTOS/Source/list.o
 .debug_frame   0x00000088       0xbc FreeRTOS/Source/portable/GCC/ATMega323/port.o
 .debug_frame   0x00000144       0xec FreeRTOS/Source/portable/MemMang/heap_4.o
 .debug_frame   0x00000230      0x384 FreeRTOS/Source/queue.o
 .debug_frame   0x000005b4      0x56c FreeRTOS/Source/tasks.o
 .debug_frame   0x00000b20      0x1bc inc/timers.o
 .debug_frame   0x00000cdc      0x110 main.o

.debug_str      0x00000000     0xf5b6
 *(.debug_str)
 .debug_str     0x00000000      0x196 C:/Program Files (x86)/Atmel/Studio/7.0/Packs/atmel/ATmega_DFP/1.6.364/gcc/dev/atmega32/avr5/crtatmega32.o
 .debug_str     0x00000196     0x95a5 FreeRTOS/Source/list.o
                               0x96e3 (size before relaxing)
 .debug_str     0x0000973b     0x1edf FreeRTOS/Source/portable/GCC/ATMega323/port.o
                               0xb45b (size before relaxing)
 .debug_str     0x0000b61a      0x34b FreeRTOS/Source/portable/MemMang/heap_4.o
                               0xab58 (size before relaxing)
 .debug_str     0x0000b965     0x164a FreeRTOS/Source/queue.o
                               0xbf9f (size before relaxing)
 .debug_str     0x0000cfaf     0x1791 FreeRTOS/Source/tasks.o
                               0xc471 (size before relaxing)
 .debug_str     0x0000e740      0x4b5 inc/timers.o
                               0xbe41 (size before relaxing)
 .debug_str     0x0000ebf5      0x9c1 main.o
                               0xbba8 (size before relaxing)

.debug_loc      0x00000000     0x5a7c
 *(.debug_loc)
 .debug_loc     0x00000000      0x145 FreeRTOS/Source/list.o
 .debug_loc     0x00000145      0x36b FreeRTOS/Source/portable/GCC/ATMega323/port.o
 .debug_loc     0x000004b0      0x534 FreeRTOS/Source/portable/MemMang/heap_4.o
 .debug_loc     0x000009e4     0x1ff8 FreeRTOS/Source/queue.o
 .debug_loc     0x000029dc     0x214f FreeRTOS/Source/tasks.o
 .debug_loc     0x00004b2b      0xca9 inc/timers.o
 .debug_loc     0x000057d4      0x2a8 main.o

.debug_macinfo
 *(.debug_macinfo)

.debug_weaknames
 *(.debug_weaknames)

.debug_funcnames
 *(.debug_funcnames)

.debug_typenames
 *(.debug_typenames)

.debug_varnames
 *(.debug_varnames)

.debug_pubtypes
 *(.debug_pubtypes)

.debug_ranges   0x00000000      0x4e8
 *(.debug_ranges)
 .debug_ranges  0x00000000       0x30 FreeRTOS/Source/list.o
 .debug_ranges  0x00000030       0x38 FreeRTOS/Source/portable/GCC/ATMega323/port.o
 .debug_ranges  0x00000068       0x40 FreeRTOS/Source/portable/MemMang/heap_4.o
 .debug_ranges  0x000000a8      0x160 FreeRTOS/Source/queue.o
 .debug_ranges  0x00000208      0x1a8 FreeRTOS/Source/tasks.o
 .debug_ranges  0x000003b0       0xe8 inc/timers.o
 .debug_ranges  0x00000498       0x50 main.o

.debug_macro    0x00000000     0x124d
 *(.debug_macro)
 .debug_macro   0x00000000      0x108 FreeRTOS/Source/list.o
 .debug_macro   0x00000108      0x145 FreeRTOS/Source/portable/GCC/ATMega323/port.o
 .debug_macro   0x0000024d      0x2fc FreeRTOS/Source/portable/GCC/ATMega323/port.o
 .debug_macro   0x00000549       0x63 FreeRTOS/Source/portable/GCC/ATMega323/port.o
 .debug_macro   0x000005ac       0xa6 FreeRTOS/Source/portable/GCC/ATMega323/port.o
 .debug_macro   0x00000652      0x123 FreeRTOS/Source/portable/MemMang/heap_4.o
 .debug_macro   0x00000775      0x182 FreeRTOS/Source/queue.o
 .debug_macro   0x000008f7       0x16 FreeRTOS/Source/queue.o
 .debug_macro   0x0000090d       0x20 FreeRTOS/Source/queue.o
 .debug_macro   0x0000092d       0x80 FreeRTOS/Source/queue.o
 .debug_macro   0x000009ad      0x1dc FreeRTOS/Source/tasks.o
 .debug_macro   0x00000b89       0x10 FreeRTOS/Source/tasks.o
 .debug_macro   0x00000b99      0x151 inc/timers.o
 .debug_macro   0x00000cea       0x97 inc/timers.o
 .debug_macro   0x00000d81      0x177 main.o
 .debug_macro   0x00000ef8       0x58 main.o
 .debug_macro   0x00000f50       0x10 main.o
 .debug_macro   0x00000f60       0xf2 main.o
 .debug_macro   0x00001052       0x69 main.o
 .debug_macro   0x000010bb       0x10 main.o
 .debug_macro   0x000010cb      0x166 main.o
 .debug_macro   0x00001231       0x1c main.o
OUTPUT(Timer_Management.elf elf32-avr)
LOAD linker stubs
