A51 MACRO ASSEMBLER  COMPAIR_INSTRUCTIONS                                                 03/24/2020 14:33:29 PAGE     1


MACRO ASSEMBLER A51 V8.2.7.0
OBJECT MODULE PLACED IN .\Objects\compair instructions.obj
ASSEMBLER INVOKED BY: C:\Keil_v5\C51\BIN\A51.EXE compair instructions.a51 SET(SMALL) DEBUG PRINT(.\Listings\compair inst
                      ructions.lst) OBJECT(.\Objects\compair instructions.obj) EP

LOC  OBJ            LINE     SOURCE

                       1     
                       2     
                       3     
                       4     
                       5     
                       6     
                       7     
                       8     
                       9     
                      10     
                      11     
                      12     
                      13     
                      14     
                      15     
                      16     
                      17                     
                      18                     
                      19                     
                      20                     
*** WARNING #A41 IN 20 (compair instructions.a51, LINE 20): MISSING 'END' STATEMENT
A51 MACRO ASSEMBLER  COMPAIR_INSTRUCTIONS                                                 03/24/2020 14:33:29 PAGE     2

SYMBOL TABLE LISTING
------ ----- -------


N A M E             T Y P E  V A L U E   ATTRIBUTES



REGISTER BANK(S) USED: 0 


ASSEMBLY COMPLETE.  1 WARNING(S), 0 ERROR(S)
