C51 COMPILER V9.60.0.0   LED_R                                                             05/20/2020 23:01:13 PAGE 1   


C51 COMPILER V9.60.0.0, COMPILATION OF MODULE LED_R
OBJECT MODULE PLACED IN .\Objects\led R.obj
COMPILER INVOKED BY: C:\Keil_v5\C51\BIN\C51.EXE led R.c OPTIMIZE(8,SPEED) BROWSE DEBUG OBJECTEXTEND PRINT(.\Listings\led
                    - R.lst) TABS(2) OBJECT(.\Objects\led R.obj)

line level    source

   1          #include<reg51.h>
   2          
   3          void delay();
   4           sbit a = P0^0; 
   5          void main()
   6          {
   7   1        
   8   1        while(1)
   9   1        {
  10   2          a = 0x55;
  11   2          delay();
  12   2          a=0xAA;
  13   2          delay();
  14   2        }
  15   1      }
  16          void delay()
  17          {
  18   1        unsigned int i,j;
  19   1        
  20   1        for(i=0;i<1475;i++)
  21   1        {
  22   2          for(j=0;j<100;j++)
  23   2          {
  24   3            
  25   3          }
  26   2        }
  27   1      
  28   1      }


MODULE INFORMATION:   STATIC OVERLAYABLE
   CODE SIZE        =     41    ----
   CONSTANT SIZE    =   ----    ----
   XDATA SIZE       =   ----    ----
   PDATA SIZE       =   ----    ----
   DATA SIZE        =   ----    ----
   IDATA SIZE       =   ----    ----
   BIT SIZE         =   ----    ----
END OF MODULE INFORMATION.


C51 COMPILATION COMPLETE.  0 WARNING(S),  0 ERROR(S)
