C51 COMPILER V9.60.0.0   UART                                                              04/17/2021 18:43:55 PAGE 1   


C51 COMPILER V9.60.0.0, COMPILATION OF MODULE UART
OBJECT MODULE PLACED IN .\Objects\uart.obj
COMPILER INVOKED BY: C:\Keil_v5\C51\BIN\C51.EXE uart.c OPTIMIZE(8,SPEED) BROWSE DEBUG OBJECTEXTEND PRINT(.\Listings\uart
                    -.lst) TABS(2) OBJECT(.\Objects\uart.obj)

line level    source

   1          #include<reg51.h>
   2          #include "lcd.h"
   3          
   4          
   5          
   6           
   7          char b;
   8          void uart_init();
   9          void delay(unsigned  int);
  10          void uart_send(char);
  11           
  12          
  13           
  14          
  15          void serialinterrupt () interrupt 4
  16          {
  17   1          if (TI ==1)
  18   1          {
  19   2            TI=0;
  20   2          }
  21   1          
  22   1          else 
  23   1          {
  24   2            b = SBUF;
  25   2            RI =0;
  26   2            send_char(b);
  27   2          }
  28   1      }
  29          
  30          
  31          
  32           
  33            
  34          
  35          
  36          // STARTING OF MAIN FUNCTION 
  37          
  38            void main(void)
  39            {
  40   1        
  41   1          char *z  = "Are you get data\r";
  42   1          unsigned int a=0;
  43   1          
  44   1          
  45   1            
  46   1          uart_init();
  47   1            
  48   1          lcd_init();
  49   1          
  50   1          uart_send(*z);
  51   1          
  52   1          while(1)
  53   1          {}
  54   1         
C51 COMPILER V9.60.0.0   UART                                                              04/17/2021 18:43:55 PAGE 2   

  55   1        } 
  56          
  57          
  58          void uart_init()
  59          {
  60   1          TMOD=0x20;
  61   1            
  62   1          TH1=0xFD;
  63   1            
  64   1          SCON=0x50;
  65   1            
  66   1          IE=0x92;    //ENABLE SERIAL INTERRUPT
  67   1            
  68   1          TR1=1;
  69   1        
  70   1      }
  71            
  72            
  73            void uart_send(char *ch)
  74            {
*** WARNING C235 IN LINE 74 OF uart.c: parameter 1: different types
  75   1          
  76   1          while(*ch)
  77   1          {
  78   2            SBUF = *ch;
  79   2            
  80   2            while(TI==0);
  81   2            ch++;
  82   2          }
  83   1          
  84   1        }
  85          
  86          
  87            
  88             


MODULE INFORMATION:   STATIC OVERLAYABLE
   CODE SIZE        =    223    ----
   CONSTANT SIZE    =     18    ----
   XDATA SIZE       =   ----    ----
   PDATA SIZE       =   ----    ----
   DATA SIZE        =      1       5
   IDATA SIZE       =   ----    ----
   BIT SIZE         =   ----    ----
END OF MODULE INFORMATION.


C51 COMPILATION COMPLETE.  1 WARNING(S),  0 ERROR(S)
